[www.autel.com/index.html]
[backblue.gif]
[fade.gif]
[index.html]
[www.autel.com/r/cms/www/default/autel/css/index.css]
[www.autel.com/r/cms/www/default/autel/css/swiper.css]
[www.autel.com/r/cms/www/default/autel/js/jquery_min.js]
[www.autel.com/r/cms/www/default/autel/js/swiper.js]
[www.autel.com/r/cms/www/default/autel/js/index.js]
[www.autel.com/r/cms/www/default/atImg/favicon.png]
[www.autel.com/r/cms/www/default/autel/js/video.js]
[www.autel.com/r/cms/www/default/autel/css/video-js.css]
[www.autel.com/r/cms/www/default/atImg/header_logo.png]
[www.autel.com/r/cms/www/default/atImg/header_logo-751.png]
[www.autel.com/c/www/wheretobuy.html]
[www.autel.com/r/cms/www/default/atImg/account.png]
[www.autel.com/r/cms/www/default/atImg/arrow_down2.png]
[www.autel.com/jp/index.html]
[www.autel.com/c/www/diagnostictools.html]
[www.autel.com/es/index.html]
[www.autel.com/u/cms/www/201910/21050209kxgx.png]
[www.autel.com/u/cms/www/201910/21050220clf1.png]
[www.autel.com/u/cms/www/201910/21050310okn4.png]
[www.autel.com/c/www/specialtool.html]
[www.autel.com/u/cms/www/201910/21050249eyrl.png]
[www.autel.com/c/www/immotool.html]
[www.autel.com/u/cms/www/201910/21050241n3id.png]
[www.autel.com/c/www/support/3132.html]
[www.autel.com/u/cms/www/201910/21050913f2k6.png]
[www.autel.com/u/cms/www/201910/21050935uc0y.png]
[www.autel.com/faqs.html]
[www.autel.com/u/cms/www/201910/21050951sf9a.png]
[www.autel.com/updateInfo.html]
[www.autel.com/u/cms/www/201910/21051012ql57.png]
[www.autel.com/download.html]
[www.autel.com/u/cms/www/201910/21051026qd6a.png]
[www.autel.com/u/cms/www/201910/210510393jl5.png]
[www.autel.com/c/www/support/3105.html]
[www.autel.com/u/cms/www/201910/21051055fyrg.png]
[www.autel.com/vehicle-coverage/coverage2.html]
[www.autel.com/u/cms/www/201910/210511105k4s.png]
[www.autel.com/c/www/about/3092.html]
[www.autel.com/u/cms/www/201910/2105112407fy.png]
[www.autel.com/c/www/about/3102.html]
[www.autel.com/u/cms/www/201910/21051139s4f1.png]
[www.autel.com/c/www/about/3103.html]
[www.autel.com/u/cms/www/201910/210512050yis.png]
[www.autel.com/c/www/support/3108.html]
[www.autel.com/u/cms/www/202012/232107035qmq.jpg]
[www.autel.com/u/cms/www/202012/23210630d6z0.jpg]
[www.autel.com/u/cms/www/202011/19120538j08v.jpg]
[www.autel.com/u/cms/www/202011/19093503gbko.jpg]
[www.autel.com/u/cms/www/202009/22005741g0wu.jpg]
[www.autel.com/u/cms/www/202009/21135720f0gs.jpg]
[www.autel.com/u/cms/www/202006/20104902y621.jpg]
[www.autel.com/u/cms/www/202006/220156371u36.jpg]
[www.autel.com/c/www/mk3/3525.html]
[www.autel.com/u/cms/www/202006/22015744blur.jpg]
[www.autel.com/u/cms/www/202006/20144519sgl9.jpg]
[www.autel.com/c/www/mk3/3524.html]
[www.autel.com/u/cms/www/201911/15062602zdjb.jpg]
[www.autel.com/u/cms/www/201911/15062558gq9t.jpg]
[www.autel.com/u/cms/www/201910/2902005435zg.jpg]
[www.autel.com/u/cms/www/201910/29020048nbko.jpg]
[www.autel.com/u/cms/www/201911/150641061mpb.jpg]
[www.autel.com/u/cms/www/201911/1506410132qd.jpg]
[www.autel.com/immotool1/3250.html]
[www.autel.com/u/cms/www/202012/02171316w3bf.jpg]
[www.autel.com/u/cms/www/202007/22030516thtw.png]
[www.autel.com/u/cms/www/201910/29090704yvul.png]
[www.autel.com/u/cms/www/201911/01114619mhbx.png]
[www.autel.com/u/cms/www/201910/16011254itz2.png]
[www.autel.com/r/cms/www/default/atImg/new_product2.jpg]
[www.autel.com/r/cms/www/default/atImg/MA600-1080P.mp4]
[www.autel.com/u/cms/www/202011/13222634okft.jpg]
[www.autel.com/news/3512.html]
[www.autel.com/u/cms/www/202004/30083536qbzn.jpg]
[www.autel.com/news/3455.html]
[www.autel.com/u/cms/www/201910/29095014ptpl.jpg]
[www.autel.com/c/www/legal/3113.html]
[www.autel.com/c/www/legal/3112.html]
[www.autel.com/r/cms/www/default/atImg/footer_email.png]
[www.autel.com/r/cms/www/default/atImg/footer_logo.png]
[www.autel.com/r/cms/www/default/atImg/Map_Logo.png]
[www.autel.com/search4176.html]
[www.autel.com/index.html]
[www.autel.com/r/cms/www/default/js/front.js]
[www.autel.com/r/cms/www/default/autel/font/Helvetica.eot]
[www.autel.com/r/cms/www/default/autel/font/Helveticad41d.eot]
[www.autel.com/r/cms/www/default/autel/font/Helvetica.woff]
[www.autel.com/r/cms/www/default/autel/font/Helvetica.ttf]
[www.autel.com/r/cms/www/default/autel/font/HelveticaBold.eot]
[www.autel.com/r/cms/www/default/autel/font/HelveticaBoldd41d.eot]
[www.autel.com/r/cms/www/default/autel/font/HelveticaBold.woff]
[www.autel.com/r/cms/www/default/autel/font/HelveticaBold.ttf]
[www.autel.com/r/cms/www/default/atImg/pdf_logo.png]
[www.autel.com/r/cms/www/default/atImg/ts_arrow_dwon.png]
[www.autel.com/r/cms/www/default/atImg/earth_icon.png]
[www.autel.com/r/cms/www/default/atImg/arrow_right_751.png]
[www.autel.com/r/cms/www/default/atImg/arrow_left_751.png]
[www.autel.com/r/cms/www/default/atImg/updown_icon_751.png]
[www.autel.com/r/cms/www/default/atImg/lan_arrow.png]
[www.autel.com/r/cms/www/default/atImg/wtb_down_icon.png]
[www.autel.com/r/cms/www/default/atImg/con_arrow.png]
[www.autel.com/r/cms/www/default/atImg/db_arrow.png]
[www.autel.com/r/cms/www/default/atImg/notes_logo.png]
[www.autel.com/r/cms/www/default/atImg/search_logo.png]
[www.autel.com/r/cms/www/default/atImg/arrow_down751.png]
[www.autel.com/r/cms/www/default/atImg/search_icon2.png]
[www.autel.com/r/cms/www/default/atImg/arrow_down.png]
[www.autel.com/r/cms/www/default/atImg/headerNavBtn.png]
[www.autel.com/r/cms/www/default/atImg/headerNavBtn2.png]
[www.autel.com/r/cms/www/default/atImg/account751.png]
[www.autel.com/r/cms/www/default/atImg/Faqs751_arrow_dwon.png]
[www.autel.com/r/cms/www/default/autel/css/index.css]
[www.autel.com/r/cms/www/default/atImg/arrow_right.png]
[www.autel.com/r/cms/www/default/atImg/arrow_left.png]
[www.autel.com/r/cms/www/default/autel/css/swiper.css]
[www.autel.com/r/cms/www/default/autel/css/video-js.css]
[www.autel.com/r/cms/www/default/autel/css/page.css]
[www.autel.com/u/cms/www/201910/260836400zbx.jpg]
[www.autel.com/u/cms/www/201911/14100344byab.png]
[www.autel.com/u/cms/www/202004/11072526w1r2.jpg]
[www.autel.com/u/cms/www/201911/141002017xh4.jpg]
[www.autel.com/u/cms/www/201911/14100212b69a.jpg]
[www.autel.com/u/cms/www/201911/14100228nfhb.jpg]
[www.autel.com/u/cms/www/201911/14100234wzj6.jpg]
[www.autel.com/u/cms/www/201911/14100244869r.jpg]
[www.autel.com/u/cms/www/201911/14100254ry0j.png]
[www.autel.com/u/cms/www/201911/1410030159dc.jpg]
[www.autel.com/u/cms/www/201911/14100308uzfm.jpg]
[www.autel.com/u/cms/www/201911/14100319xpt9.png]
[www.autel.com/u/cms/www/201911/14100331l9k8.jpg]
[www.autel.com/u/cms/www/201912/04022534hdhl.jpg]
[www.autel.com/u/cms/www/201912/04022542v5oh.png]
[www.autel.com/u/cms/www/201912/040225479kdg.jpg]
[www.autel.com/u/cms/www/201912/04022553xwaz.png]
[www.autel.com/u/cms/www/201912/04022559uwrv.png]
[www.autel.com/u/cms/www/201912/040230057w73.jpg]
[www.autel.com/u/cms/www/201912/13030623u4mb.jpg]
[www.autel.com/u/cms/www/201912/13030632yzi8.jpg]
[www.autel.com/u/cms/www/201912/130306418z1g.png]
[www.autel.com/u/cms/www/201912/13030647f8j5.png]
[www.autel.com/u/cms/www/201912/13030654qptp.jpg]
[www.autel.com/u/cms/www/201912/13030701bpgm.jpg]
[www.autel.com/u/cms/www/201912/130307126nx4.png]
[www.autel.com/u/cms/www/201912/13030718flpz.png]
[www.autel.com/u/cms/www/201912/13030724fqic.png]
[www.autel.com/u/cms/www/201912/130307328vj0.png]
[www.autel.com/u/cms/www/201912/04023017sakd.png]
[www.autel.com/u/cms/www/201912/040230222ocu.gif]
[www.autel.com/u/cms/www/201912/04023028lzpi.png]
[www.autel.com/u/cms/www/201912/040230346c2s.jpg]
[www.autel.com/u/cms/www/201912/04023038ptqx.png]
[www.autel.com/u/cms/www/201912/04023043nxex.png]
[www.autel.com/u/cms/www/201912/23023925j7xn.jpg]
[www.autel.com/u/cms/www/202005/16104321hyer.png]
[www.autel.com/u/cms/www/202005/16104330e7qy.png]
[www.autel.com/u/cms/www/202005/16104336s9lz.png]
[www.autel.com/u/cms/www/202005/16104345hoq9.png]
[www.autel.com/u/cms/www/202005/16104353bhay.png]
[www.autel.com/u/cms/www/202005/161044002ncc.png]
[www.autel.com/u/cms/www/202006/04025031g305.jpg]
[www.autel.com/u/cms/www/202006/040250465yav.jpg]
[www.autel.com/u/cms/www/202006/040251001fju.jpg]
[www.autel.com/u/cms/www/202006/04025112ym6t.jpg]
[www.autel.com/u/cms/www/202006/04025124js81.jpg]
[www.autel.com/u/cms/www/202012/17142245d3xh.png]
[www.autel.com/u/cms/www/202007/2109001664s6.png]
[www.autel.com/u/cms/www/201911/141003521woz.jpg]
[www.autel.com/u/cms/www/201911/14100358r2bn.jpg]
[www.autel.com/u/cms/www/201911/141004065wuv.jpg]
[www.autel.com/u/cms/www/201911/141004285cuc.jpg]
[www.autel.com/u/cms/www/201911/141004407tiu.jpg]
[www.autel.com/u/cms/www/201912/04022623f63g.jpg]
[www.autel.com/u/cms/www/202002/250334156w89.jpg]
[www.autel.com/u/cms/www/201911/14100457nudt.png]
[www.autel.com/u/cms/www/201911/14100509qtf8.jpg]
[www.autel.com/u/cms/www/201911/14100520i4xe.jpg]
[www.autel.com/u/cms/www/201911/14100528l96s.jpg]
[www.autel.com/u/cms/www/201911/14100609ta5e.jpg]
[www.autel.com/u/cms/www/201911/14100626tr6i.png]
[www.autel.com/u/cms/www/201911/14100637ic6d.jpg]
[www.autel.com/u/cms/www/201911/14100646tzt5.jpg]
[www.autel.com/u/cms/www/201911/14100658lmvr.jpg]
[www.autel.com/u/cms/www/201911/14100711z50i.jpg]
[www.autel.com/u/cms/www/201911/14100719wjyu.png]
[www.autel.com/u/cms/www/201911/14100725p2s4.png]
[www.autel.com/u/cms/www/201912/04022644z1nz.png]
[www.autel.com/u/cms/www/201912/040226499ire.png]
[www.autel.com/u/cms/www/201912/04022654culj.png]
[www.autel.com/u/cms/www/201912/04022701dkvq.jpg]
[www.autel.com/u/cms/www/201912/04022706ih93.png]
[www.autel.com/u/cms/www/201912/04022711faj4.png]
[www.autel.com/u/cms/www/202007/10093838td7q.jpg]
[www.autel.com/u/cms/www/201911/141011329g5v.png]
[www.autel.com/u/cms/www/201911/14101140z6lg.jpg]
[www.autel.com/u/cms/www/201911/14101147yr43.png]
[www.autel.com/u/cms/www/201912/04022722stl7.jpg]
[www.autel.com/u/cms/www/201912/04022726h1l0.png]
[www.autel.com/u/cms/www/201911/020728069zma.png]
[www.autel.com/u/cms/www/201911/020728159qrb.png]
[www.autel.com/u/cms/www/201911/020728543cg6.png]
[www.autel.com/u/cms/www/201911/020729038mte.png]
[www.autel.com/u/cms/www/201911/02072912q19m.png]
[www.autel.com/u/cms/www/201911/020729231zea.png]
[www.autel.com/u/cms/www/201911/02072932t1xu.png]
[www.autel.com/u/cms/www/201911/02072941askf.png]
[www.autel.com/u/cms/www/201911/02072952gku4.png]
[www.autel.com/u/cms/www/201911/02073005np5i.png]
[www.autel.com/u/cms/www/201911/02073014uq7s.png]
[www.autel.com/u/cms/www/201911/02073024szzf.png]
[www.autel.com/u/cms/www/201911/0207303276oi.png]
[www.autel.com/u/cms/www/201911/02073039xqxm.png]
[www.autel.com/u/cms/www/201911/02073100ldf9.png]
[www.autel.com/u/cms/www/201911/02073110ch81.png]
[www.autel.com/u/cms/www/202004/261102352nie.jpg]
[www.autel.com/u/cms/www/202004/300816222fpq.jpg]
[www.autel.com/es/u/cms/wwwes/202007/10141958hopk.jpg]
[www.autel.com/es/u/cms/wwwes/202007/0718045420an.jpg]
[www.autel.com/es/u/cms/wwwes/202007/07201911hr1f.png]
[www.autel.com/es/u/cms/wwwes/202007/10142029fw88.jpg]
[www.autel.com/es/u/cms/wwwes/202007/13210402396b.png]
[www.autel.com/es/u/cms/wwwes/202007/101427528cum.jpg]
[www.autel.com/es/u/cms/wwwes/202007/072029251g4b.jpg]
[www.autel.com/es/u/cms/wwwes/202007/07203013il9j.png]
[www.autel.com/es/u/cms/wwwes/202007/0720303112m9.png]
[www.autel.com/es/u/cms/wwwes/202007/07203227u7w8.jpg]
[www.autel.com/es/u/cms/wwwes/202007/07203258w1jg.png]
[www.autel.com/es/u/cms/wwwes/202007/07203623vesx.jpg]
[www.autel.com/es/u/cms/wwwes/202007/10142122t428.jpg]
[www.autel.com/es/u/cms/wwwes/202007/072038110d7b.jpg]
[www.autel.com/es/u/cms/wwwes/202007/07203822lmxs.png]
[www.autel.com/es/u/cms/wwwes/202007/23023120dq1d.jpg]
[www.autel.com/es/u/cms/wwwes/202007/23023217t9sj.jpg]
[www.autel.com/es/u/cms/wwwes/202007/07203934b2pi.png]
[www.autel.com/es/u/cms/wwwes/202007/23021516od6e.jpg]
[www.autel.com/es/u/cms/wwwes/202007/07204134rd1i.jpg]
[www.autel.com/es/u/cms/wwwes/202007/07204224x9av.jpg]
[www.autel.com/es/u/cms/wwwes/202007/07204940cgzb.png]
[www.autel.com/es/u/cms/wwwes/202007/072050179dh8.png]
[www.autel.com/es/u/cms/wwwes/202007/07204950pj0d.png]
[www.autel.com/es/u/cms/wwwes/202007/07205007fmuw.jpg]
[www.autel.com/es/u/cms/wwwes/202007/07205233i517.jpg]
[www.autel.com/es/u/cms/wwwes/202007/0720521330t9.png]
[www.autel.com/es/u/cms/wwwes/202007/07205223sqvz.jpg]
[www.autel.com/es/u/cms/wwwes/202007/10142251fmtb.jpg]
[www.autel.com/es/u/cms/wwwes/202007/23023544t93q.jpg]
[www.autel.com/es/u/cms/wwwes/202007/07203943fubu.jpg]
[www.autel.com/u/cms/www/202012/14030438umc5.png]
[www.autel.com/c/www/wheretobuy.html]
[www.autel.com/partner.html]
[www.autel.com/jp/r/cms/wwwjp/default/autel/css/index.css]
[www.autel.com/jp/r/cms/wwwjp/default/autel/css/swiper.css]
[www.autel.com/jp/r/cms/wwwjp/default/autel/js/jquery_min.js]
[www.autel.com/jp/r/cms/wwwjp/default/autel/js/swiper.js]
[www.autel.com/jp/r/cms/wwwjp/default/autel/js/index.js]
[www.autel.com/jp/r/cms/wwwjp/default/atImg/favicon.png]
[www.autel.com/jp/r/cms/wwwjp/default/autel/js/video.js]
[www.autel.com/jp/r/cms/wwwjp/default/autel/css/video-js.css]
[www.autel.com/jp/r/cms/wwwjp/default/atImg/header_logo.png]
[www.autel.com/jp/r/cms/wwwjp/default/atImg/header_logo-751.png]
[www.autel.com/jp/r/cms/wwwjp/default/atImg/account.png]
[www.autel.com/jp/r/cms/wwwjp/default/atImg/arrow_down2.png]
[www.autel.com/jp/c/wwwjp/Diagnostictool.html]
[www.autel.com/jp/u/cms/wwwjp/201912/26145800kh3a.png]
[www.autel.com/jp/u/cms/wwwjp/201912/26145727igoa.png]
[www.autel.com/jp/c/wwwjp/ADAS.html]
[www.autel.com/jp/u/cms/wwwjp/201912/26145711j6qg.png]
[www.autel.com/jp/c/wwwjp/SpecialTool.html]
[www.autel.com/jp/u/cms/wwwjp/201912/26145638hyon.png]
[www.autel.com/jp/c/wwwjp/support/3609.html]
[www.autel.com/jp/u/cms/wwwjp/201912/26150814lp8u.png]
[www.autel.com/jp/u/cms/wwwjp/201912/26150122x06j.png]
[www.autel.com/jp/faqs.html]
[www.autel.com/jp/u/cms/wwwjp/201912/2615014998nw.png]
[www.autel.com/jp/updateInfo.html]
[www.autel.com/jp/u/cms/wwwjp/201912/26150205ckgv.png]
[www.autel.com/jp/download.html]
[www.autel.com/jp/u/cms/wwwjp/201912/2615021325ia.png]
[www.autel.com/jp/u/cms/wwwjp/201912/26150223aidb.png]
[www.autel.com/jp/c/wwwjp/support/3603.html]
[www.autel.com/jp/u/cms/wwwjp/201912/26150234xfc3.png]
[www.autel.com/jp/c/wwwjp/support/3728.html]
[www.autel.com/jp/u/cms/wwwjp/202005/0901515082cj.png]
[www.autel.com/jp/vehicle-coverage/coverage207a0.html]
[www.autel.com/jp/u/cms/wwwjp/201912/26150242xumz.png]
[www.autel.com/jp/c/wwwjp/about/3613.html]
[www.autel.com/jp/u/cms/wwwjp/201912/26154404hivr.png]
[www.autel.com/jp/c/wwwjp/about/3611.html]
[www.autel.com/jp/u/cms/wwwjp/201912/26154346phd1.png]
[www.autel.com/jp/c/wwwjp/about/3612.html]
[www.autel.com/jp/u/cms/wwwjp/201912/30141951hb8n.png]
[www.autel.com/jp/c/wwwjp/about/3610.html]
[www.autel.com/jp/u/cms/wwwjp/201912/2615090668rp.png]
[www.autel.com/jp/c/wwwjp/about/3724.html]
[www.autel.com/jp/u/cms/wwwjp/202004/26021612anau.png]
[www.autel.com/jp/u/cms/wwwjp/202007/210823333hn3.jpg]
[www.autel.com/jp/u/cms/wwwjp/202007/210820084c4o.jpg]
[www.autel.com/jp/news/3745.html]
[www.autel.com/jp/u/cms/wwwjp/202003/101435220gx5.jpg]
[www.autel.com/jp/u/cms/wwwjp/202003/10143203s9jk.jpg]
[www.autel.com/jp/Advanced/3662.html]
[www.autel.com/jp/u/cms/wwwjp/201912/27112756dyx1.jpg]
[www.autel.com/jp/u/cms/wwwjp/201912/261450011cew.jpg]
[www.autel.com/jp/Advanced/3663.html]
[www.autel.com/jp/u/cms/wwwjp/201912/26144741arbv.jpg]
[www.autel.com/jp/u/cms/wwwjp/201912/2614473815vh.jpg]
[www.autel.com/jp/adas/3665.html]
[www.autel.com/jp/u/cms/wwwjp/201912/26144201a4ok.jpg]
[www.autel.com/jp/u/cms/wwwjp/201912/261441573oxd.jpg]
[www.autel.com/jp/specialtool/3666.html]
[www.autel.com/jp/u/cms/wwwjp/201912/26145855r83o.png]
[www.autel.com/jp/u/cms/wwwjp/201912/261457443g8j.png]
[www.autel.com/jp/u/cms/wwwjp/201912/26145716wojx.png]
[www.autel.com/jp/u/cms/wwwjp/201912/26145651cp7u.png]
[www.autel.com/jp/r/cms/wwwjp/default/atImg/index_video.jpg]
[www.autel.com/jp/r/cms/wwwjp/default/atImg/index_video.mp4]
[www.autel.com/jp/news/3767.html]
[www.autel.com/jp/u/cms/wwwjp/202012/09075048st1p.jpg]
[www.autel.com/jp/news/3764.html]
[www.autel.com/jp/u/cms/wwwjp/202011/110343112tp3.jpg]
[www.autel.com/jp/u/cms/wwwjp/202007/21075537dpx0.jpg]
[www.autel.com/jp/about/3611.html]
[www.autel.com/jp/c/wwwjp/legal/3615.html]
[www.autel.com/jp/c/wwwjp/legal/3616.html]
[www.autel.com/jp/r/cms/wwwjp/default/atImg/footer_email.png]
[www.autel.com/jp/r/cms/wwwjp/default/atImg/footer_logo.png]
[www.autel.com/jp/r/cms/wwwjp/default/atImg/Map_Logo.png]
[www.autel.com/jp/search4176.html]
[www.autel.com/jp/index.html]
[www.autel.com/es/r/cms/wwwes/default/autel/css/index.css]
[www.autel.com/es/r/cms/wwwes/default/autel/css/swiper.css]
[www.autel.com/es/r/cms/wwwes/default/autel/js/jquery_min.js]
[www.autel.com/es/r/cms/wwwes/default/autel/js/swiper.js]
[www.autel.com/es/r/cms/wwwes/default/autel/js/index.js]
[www.autel.com/es/r/cms/wwwes/default/atImg/favicon.png]
[www.autel.com/es/r/cms/wwwes/default/autel/js/video.js]
[www.autel.com/es/r/cms/wwwes/default/autel/css/video-js.css]
[www.autel.com/es/r/cms/wwwes/default/atImg/header_logo.png]
[www.autel.com/es/r/cms/wwwes/default/atImg/header_logo-751.png]
[www.autel.com/es/wheretobuy.html]
[www.autel.com/es/r/cms/wwwes/default/atImg/account.png]
[www.autel.com/es/r/cms/wwwes/default/atImg/arrow_down2.png]
[www.autel.com/es/diagnostictools.html]
[www.autel.com/es/u/cms/wwwes/202006/111918446zf3.png]
[www.autel.com/es/u/cms/wwwes/202006/11191920t6zy.png]
[www.autel.com/es/u/cms/wwwes/202006/11191933png8.png]
[www.autel.com/es/specialtool.html]
[www.autel.com/es/u/cms/wwwes/202006/11192031h4dg.png]
[www.autel.com/es/immotool.html]
[www.autel.com/es/u/cms/wwwes/202006/11192001mmd4.png]
[www.autel.com/es/support/3132.html]
[www.autel.com/es/u/cms/wwwes/202006/111921469hns.png]
[www.autel.com/es/u/cms/wwwes/202006/1119225570t9.png]
[www.autel.com/es/faqs.html]
[www.autel.com/es/u/cms/wwwes/202006/11192411k8pm.png]
[www.autel.com/es/updateInfo.html]
[www.autel.com/es/u/cms/wwwes/202006/11192428w1wb.png]
[www.autel.com/es/download.html]
[www.autel.com/es/u/cms/wwwes/202006/11192456umwq.png]
[www.autel.com/es/u/cms/wwwes/202006/11192516xt1a.png]
[www.autel.com/es/support/3105.html]
[www.autel.com/es/u/cms/wwwes/202006/11192542ok6e.png]
[www.autel.com/es/vehicle-coverage/coverage2.html]
[www.autel.com/es/u/cms/wwwes/202006/11192601mk09.png]
[www.autel.com/es/about/3092.html]
[www.autel.com/es/u/cms/wwwes/202006/111926254p8m.png]
[www.autel.com/es/about/3102.html]
[www.autel.com/es/u/cms/wwwes/202006/11192640jdyj.png]
[www.autel.com/es/about/3103.html]
[www.autel.com/es/u/cms/wwwes/202006/11192654gvop.png]
[www.autel.com/es/tpms.html]
[www.autel.com/es/adas.html]
[www.autel.com/es/u/cms/wwwes/202007/091457457160.jpg]
[www.autel.com/es/u/cms/wwwes/202007/091457520zie.jpg]
[www.autel.com/es/mk3/3771.html]
[www.autel.com/es/u/cms/wwwes/202007/230838304sw7.png]
[www.autel.com/es/mk3/3770.html]
[www.autel.com/es/u/cms/wwwes/202007/23083819jo7v.png]
[www.autel.com/es/u/cms/wwwes/202007/091539135fej.jpg]
[www.autel.com/es/u/cms/wwwes/202007/09153856wdj1.jpg]
[www.autel.com/es/u/cms/wwwes/202007/09165736sjlu.jpg]
[www.autel.com/es/u/cms/wwwes/202007/091659275xvm.jpg]
[www.autel.com/es/mk3/3219.html]
[www.autel.com/es/u/cms/wwwes/202007/171949225c8h.jpg]
[www.autel.com/es/u/cms/wwwes/202007/091545182rl2.jpg]
[www.autel.com/es/immotool1/3762.html]
[www.autel.com/es/u/cms/wwwes/202006/11191859bqb4.png]
[www.autel.com/es/u/cms/wwwes/202006/111919261x01.png]
[www.autel.com/es/u/cms/wwwes/202006/0611283618i2.png]
[www.autel.com/es/u/cms/wwwes/202006/11192037q3u4.png]
[www.autel.com/es/u/cms/wwwes/202006/11192006ech6.png]
[www.autel.com/es/r/cms/wwwes/default/atImg/new_product1.jpg]
[www.autel.com/es/r/cms/wwwes/default/atImg/MA600-1080P.mp4]
[www.autel.com/es/news/3777.html]
[www.autel.com/es/u/cms/wwwes/202007/16180824kwfu.jpg]
[www.autel.com/es/news/3455.html]
[www.autel.com/es/u/cms/wwwes/202007/16103639yt6u.jpg]
[www.autel.com/es/news/3162.html]
[www.autel.com/es/u/cms/wwwes/202007/16103701acx7.jpg]
[www.autel.com/es/legal/3113.html]
[www.autel.com/es/legal/3112.html]
[www.autel.com/es/r/cms/wwwes/default/atImg/footer_email.png]
[www.autel.com/es/r/cms/wwwes/default/atImg/footer_logo.png]
[www.autel.com/es/r/cms/wwwes/default/atImg/Map_Logo.png]
[www.autel.com/es/search4176.html]
[www.autel.com/es/index.html]
[www.autel.com/es/r/cms/wwwes/default/js/front.js]
[www.autel.com/r/cms/www/default/autel/css/at_products.css]
[www.autel.com/u/cms/www/202011/24202846ks1k.jpg]
[www.autel.com/u/cms/www/202011/24032452urmr.png]
[www.autel.com/u/cms/www/202007/02100039rkd7.jpg]
[www.autel.com/mk3/3232.html]
[www.autel.com/u/cms/www/201910/22174901lqry.jpg]
[www.autel.com/u/cms/www/201910/22174855w03f.jpg]
[www.autel.com/u/cms/www/202007/020959166bgh.png]
[www.autel.com/special/3288.html]
[www.autel.com/u/cms/www/201910/21042153ft33.jpg]
[www.autel.com/u/cms/www/201910/22175050xb8t.png]
[www.autel.com/mk1/3247.html]
[www.autel.com/u/cms/www/201911/15064836cmuw.jpg]
[www.autel.com/u/cms/www/201911/15064830dfu0.jpg]
[www.autel.com/mk2/3223.html]
[www.autel.com/u/cms/www/202007/03034628yi7o.png]
[www.autel.com/c/www/mk1/3533.html]
[www.autel.com/u/cms/www/201910/30080516jyja.png]
[www.autel.com/c/www/mk1/3182.html]
[www.autel.com/u/cms/www/201910/30080331bwjf.png]
[www.autel.com/c/www/mk1/3239.html]
[www.autel.com/u/cms/www/201910/30074214wof1.png]
[www.autel.com/c/www/mk1/3247.html]
[www.autel.com/u/cms/www/201910/30080121yudp.png]
[www.autel.com/c/www/mk1/3240.html]
[www.autel.com/u/cms/www/201910/30075457wyny.png]
[www.autel.com/c/www/mk1/3243.html]
[www.autel.com/u/cms/www/201910/30075938f8w0.png]
[www.autel.com/c/www/mk1/3241.html]
[www.autel.com/u/cms/www/201910/30073953ozzv.png]
[www.autel.com/c/www/mk1/3248.html]
[www.autel.com/u/cms/www/201910/30073704n9om.png]
[www.autel.com/c/www/mk1/3249.html]
[www.autel.com/u/cms/www/201910/30075221gmuf.png]
[www.autel.com/c/www/mk1/3244.html]
[www.autel.com/u/cms/www/201910/30074847aqfn.png]
[www.autel.com/c/www/mk1/3245.html]
[www.autel.com/u/cms/www/201910/30074619hr8n.png]
[www.autel.com/c/www/mk1/3246.html]
[www.autel.com/u/cms/www/201910/30073436xmqm.png]
[www.autel.com/c/www/mk1/3252.html]
[www.autel.com/u/cms/www/201910/30075738avmv.png]
[www.autel.com/c/www/mk1/3242.html]
[www.autel.com/u/cms/www/201910/30071010b6ro.png]
[www.autel.com/c/www/mk1/3251.html]
[www.autel.com/u/cms/www/201910/30072636mzk4.png]
[www.autel.com/c/www/mk1/3253.html]
[www.autel.com/u/cms/www/201910/300721023hx8.png]
[www.autel.com/c/www/mk1/3254.html]
[www.autel.com/u/cms/www/201910/300539412x67.png]
[www.autel.com/c/www/mk1/3257.html]
[www.autel.com/u/cms/www/201910/30070639zde2.png]
[www.autel.com/c/www/mk1/3255.html]
[www.autel.com/u/cms/www/201910/30070252exux.png]
[www.autel.com/c/www/mk1/3256.html]
[www.autel.com/u/cms/www/201910/30034305cf0c.png]
[www.autel.com/c/www/mk1/3259.html]
[www.autel.com/u/cms/www/201910/30053740iomz.png]
[www.autel.com/c/www/mk1/3258.html]
[www.autel.com/u/cms/www/201910/30033611ct3t.png]
[www.autel.com/c/www/mk1/3260.html]
[www.autel.com/u/cms/www/201910/30033315px55.png]
[www.autel.com/c/www/mk1/3261.html]
[www.autel.com/u/cms/www/201910/30085751t863.png]
[www.autel.com/c/www/mk1/3262.html]
[www.autel.com/u/cms/www/201910/30032549cbw2.png]
[www.autel.com/c/www/mk1/3263.html]
[www.autel.com/u/cms/www/201910/30032043fj7s.png]
[www.autel.com/c/www/mk1/3264.html]
[www.autel.com/u/cms/www/201910/251005109l0q.png]
[www.autel.com/c/www/mk2/3223.html]
[www.autel.com/u/cms/www/201910/26091241ke6z.png]
[www.autel.com/c/www/mk2/3224.html]
[www.autel.com/u/cms/www/201910/25081431o6z6.png]
[www.autel.com/c/www/mk2/3227.html]
[www.autel.com/u/cms/www/201910/25080611tdim.png]
[www.autel.com/c/www/mk2/3228.html]
[www.autel.com/u/cms/www/201910/26091355o1o8.png]
[www.autel.com/c/www/mk2/3230.html]
[www.autel.com/u/cms/www/201910/26091623xlkc.png]
[www.autel.com/c/www/mk2/3216.html]
[www.autel.com/u/cms/www/201910/26091550t3tt.png]
[www.autel.com/c/www/mk2/3218.html]
[www.autel.com/u/cms/www/201910/260917590w8v.png]
[www.autel.com/c/www/mk2/3193.html]
[www.autel.com/u/cms/www/201910/26091726133g.png]
[www.autel.com/c/www/mk2/3214.html]
[www.autel.com/u/cms/www/202011/19084534dn01.png]
[www.autel.com/c/www/mk2/3231.html]
[www.autel.com/u/cms/www/201910/25082924vyic.png]
[www.autel.com/c/www/mk2/3225.html]
[www.autel.com/u/cms/www/201910/250823053oxl.png]
[www.autel.com/c/www/mk2/3226.html]
[www.autel.com/u/cms/www/202006/20125926kshj.png]
[www.autel.com/u/cms/www/202006/20123634cdjx.png]
[www.autel.com/u/cms/www/202006/20115103f3em.png]
[www.autel.com/c/www/mk3/3523.html]
[www.autel.com/u/cms/www/201910/30115428ub3k.png]
[www.autel.com/c/www/mk3/3215.html]
[www.autel.com/u/cms/www/202012/04165955jcag.png]
[www.autel.com/c/www/mk3/3232.html]
[www.autel.com/u/cms/www/201910/28114421oqun.png]
[www.autel.com/c/www/mk3/3229.html]
[www.autel.com/u/cms/www/201910/28114329ybb8.png]
[www.autel.com/c/www/mk3/3221.html]
[www.autel.com/u/cms/www/201910/26092713s4ql.png]
[www.autel.com/c/www/mk3/3222.html]
[www.autel.com/u/cms/www/201911/04110241bxyw.png]
[www.autel.com/c/www/mk3/3219.html]
[www.autel.com/u/cms/www/201911/041103207ecm.png]
[www.autel.com/c/www/mk3/3220.html]
[www.autel.com/u/cms/www/201910/28114508jzg3.png]
[www.autel.com/c/www/mk3/3217.html]
[www.autel.com/u/cms/www/201910/26092650e1os.png]
[www.autel.com/c/www/mk3/3233.html]
[www.autel.com/u/cms/www/201910/26092628kau1.png]
[www.autel.com/c/www/mk3/3238.html]
[www.autel.com/u/cms/www/201910/25025315x4u0.png]
[www.autel.com/c/www/mk3/3237.html]
[www.autel.com/u/cms/www/201910/28114737sxjm.png]
[www.autel.com/c/www/mk3/3235.html]
[www.autel.com/u/cms/www/201910/25031529qib8.png]
[www.autel.com/c/www/diagnostictools.html]
[www.autel.com/c/www/mk3/3236.html]
[www.autel.com/u/cms/www/202009/22014737arzo.jpg]
[www.autel.com/u/cms/www/202009/211405290tsv.jpg]
[www.autel.com/u/cms/www/201911/15065722ir5l.jpg]
[www.autel.com/u/cms/www/201911/15065716zd2o.jpg]
[www.autel.com/special/3282.html]
[www.autel.com/u/cms/www/202011/171421101bo8.jpg]
[www.autel.com/c/www/special/3585.html]
[www.autel.com/u/cms/www/202009/22020528614a.png]
[www.autel.com/c/www/special/3565.html]
[www.autel.com/u/cms/www/202009/22020743fvm6.png]
[www.autel.com/c/www/special/3564.html]
[www.autel.com/u/cms/www/202009/22020831ldfd.png]
[www.autel.com/c/www/special/3563.html]
[www.autel.com/u/cms/www/202009/22020854bh25.png]
[www.autel.com/c/www/special/3562.html]
[www.autel.com/u/cms/www/201910/30084247e3o0.png]
[www.autel.com/c/www/special/3282.html]
[www.autel.com/u/cms/www/201910/30083833aw7z.png]
[www.autel.com/c/www/special/3283.html]
[www.autel.com/u/cms/www/201910/19022545m1co.png]
[www.autel.com/c/www/special/3284.html]
[www.autel.com/u/cms/www/201910/30084317wb0w.png]
[www.autel.com/c/www/special/3275.html]
[www.autel.com/u/cms/www/201910/182317133bjw.png]
[www.autel.com/c/www/special/3273.html]
[www.autel.com/u/cms/www/201910/30084632fkjs.png]
[www.autel.com/c/www/special/3272.html]
[www.autel.com/u/cms/www/201910/30084524pov0.png]
[www.autel.com/c/www/special/3274.html]
[www.autel.com/u/cms/www/201910/300832513n70.png]
[www.autel.com/c/www/special/3285.html]
[www.autel.com/u/cms/www/201910/30081853lkgv.png]
[www.autel.com/c/www/special/3290.html]
[www.autel.com/u/cms/www/201910/30082050q0om.png]
[www.autel.com/c/www/special/3289.html]
[www.autel.com/u/cms/www/201910/30082341yhw1.png]
[www.autel.com/c/www/special/3288.html]
[www.autel.com/u/cms/www/201910/30082753oxs3.png]
[www.autel.com/c/www/special/3287.html]
[www.autel.com/u/cms/www/201910/28113040k04l.png]
[www.autel.com/c/www/special/3286.html]
[www.autel.com/c/www/specialtoolbanner/3561.html]
[www.autel.com/c/www/specialtool.html]
[www.autel.com/c/www/specialtoolbanner/3327.html]
[www.autel.com/u/cms/www/201911/150646092ru2.jpg]
[www.autel.com/u/cms/www/201911/150646041xig.jpg]
[www.autel.com/u/cms/www/202011/17195539abeg.jpg]
[www.autel.com/c/www/immotool1/3591.html]
[www.autel.com/u/cms/www/202011/17195407h9eg.jpg]
[www.autel.com/c/www/immotool1/3590.html]
[www.autel.com/u/cms/www/202011/17195302hztz.jpg]
[www.autel.com/c/www/immotool1/3589.html]
[www.autel.com/u/cms/www/202011/17195120qh87.jpg]
[www.autel.com/c/www/immotool1/3588.html]
[www.autel.com/u/cms/www/202011/041612427w44.png]
[www.autel.com/c/www/immotool1/3575.html]
[www.autel.com/u/cms/www/201910/30080730aszi.png]
[www.autel.com/c/www/immotool1/3250.html]
[www.autel.com/u/cms/www/201910/30080957is0e.png]
[www.autel.com/c/www/immotool1/3202.html]
[www.autel.com/c/www/immotool.html]
[www.autel.com/c/www/banner1/3325.html]
[www.autel.com/u/cms/www/201910/260838024jfj.jpg]
[www.autel.com/r/cms/www/default/js/jquery.my-message.1.1.js]
[www.autel.com/c/www/support/3132.html]
[www.autel.com/r/cms/www/default/js/app.js]
[www.autel.com/u/cms/www/201910/24120548wegm.png]
[www.autel.com/r/cms/www/default/atImg/SSWJG.jpg]
[www.autel.com/faqs.html]
[www.autel.com/r/cms/www/default/autel/js/faqsShearch.js]
[www.autel.com/u/cms/www/201910/24121244cin4.png]
[www.autel.com/u/cms/www/202011/06031610stp9.pdf]
[www.autel.com/u/cms/www/202009/16093147oxo0.pdf]
[www.autel.com/u/cms/www/202009/16092929k74v.pdf]
[www.autel.com/u/cms/www/202009/16092139wpk1.pdf]
[www.autel.com/u/cms/www/202008/25095407npqu.pdf]
[www.autel.com/u/cms/www/202008/250951138cwn.pdf]
[www.autel.com/u/cms/www/202008/2509263517e0.pdf]
[www.autel.com/u/cms/www/202009/16094456sg9x.pdf]
[www.autel.com/u/cms/www/202001/20085313sb8i.pdf]
[www.autel.com/u/cms/www/202001/20085210bm3v.pdf]
[www.autel.com/u/cms/www/202001/20085014d0g4.pdf]
[www.autel.com/u/cms/www/202001/20084046zfr7.pdf]
[www.autel.com/u/cms/www/202001/200833075uu5.pdf]
[www.autel.com/u/cms/www/201911/07122432zvn6.pdf]
[www.autel.com/u/cms/www/201911/07122523ha9v.pdf]
[www.autel.com/u/cms/www/201911/07122558w73b.pdf]
[www.autel.com/updateInfo.html]
[www.autel.com/u/cms/www/201910/19024156zz5j.png]
[www.autel.com/u/cms/www/202005/090301242mts.zip]
[www.autel.com/u/cms/www/201910/28112538jd9p.png]
[www.autel.com/u/cms/www/201910/201922008f6i.zip]
[www.autel.com/u/cms/www/201910/281125587nni.png]
[www.autel.com/u/cms/www/201910/20195914lj83.zip]
[www.autel.com/u/cms/www/201910/28112520f4q3.png]
[www.autel.com/u/cms/www/201910/20190710amfp.zip]
[www.autel.com/u/cms/www/201910/28113357n28h.png]
[www.autel.com/u/cms/www/201910/20200205sw6x.zip]
[www.autel.com/u/cms/www/201910/28113335dtsl.png]
[www.autel.com/u/cms/www/201910/20201534jjk3.zip]
[www.autel.com/u/cms/www/201910/28112431800s.png]
[www.autel.com/u/cms/www/201910/28113745omqm.png]
[www.autel.com/u/cms/www/201910/19051323d6qu.pdf]
[www.autel.com/u/cms/www/201910/19051327kpyy.pdf]
[www.autel.com/u/cms/www/201910/190513432som.pdf]
[www.autel.com/u/cms/www/201910/1905134615w8.pdf]
[www.autel.com/u/cms/www/201910/19051355dugy.pdf]
[www.autel.com/u/cms/www/201910/29011737181o.png]
[www.autel.com/u/cms/www/201910/19051142cr65.pdf]
[www.autel.com/u/cms/www/201910/19051144d096.pdf]
[www.autel.com/u/cms/www/201910/190511459qle.pdf]
[www.autel.com/u/cms/www/201910/28113856waok.png]
[www.autel.com/u/cms/www/201910/19050912wxo3.pdf]
[www.autel.com/u/cms/www/201910/19050924p078.pdf]
[www.autel.com/u/cms/www/201910/19050925fyal.pdf]
[www.autel.com/u/cms/www/201911/13081413fpym.png]
[www.autel.com/u/cms/www/201910/19050659wvx2.pdf]
[www.autel.com/u/cms/www/201910/190507032ejz.pdf]
[www.autel.com/u/cms/www/201910/19050705mu4l.pdf]
[www.autel.com/u/cms/www/201910/19050709up2q.pdf]
[www.autel.com/u/cms/www/201910/26094320dsb6.png]
[www.autel.com/u/cms/www/201910/190504437lro.pdf]
[www.autel.com/u/cms/www/201910/190504564cso.pdf]
[www.autel.com/u/cms/www/201910/19050457aip9.pdf]
[www.autel.com/u/cms/www/201910/1905045827hv.pdf]
[www.autel.com/u/cms/www/201910/19050508jfq7.pdf]
[www.autel.com/u/cms/www/201910/19050511czji.pdf]
[www.autel.com/u/cms/www/201910/190505115nrg.pdf]
[www.autel.com/u/cms/www/201910/19050514j34g.pdf]
[www.autel.com/u/cms/www/201910/260943397ysf.png]
[www.autel.com/u/cms/www/201910/190502474w5w.pdf]
[www.autel.com/u/cms/www/201910/19050250jlmu.pdf]
[www.autel.com/u/cms/www/201911/13081259wejy.png]
[www.autel.com/u/cms/www/201910/19045621gnql.pdf]
[www.autel.com/u/cms/www/201910/19045638njks.pdf]
[www.autel.com/u/cms/www/201910/19045639eyms.pdf]
[www.autel.com/u/cms/www/201910/19045739mz6x.pdf]
[www.autel.com/u/cms/www/201910/19045907zab1.pdf]
[www.autel.com/u/cms/www/201910/19045908o2ua.pdf]
[www.autel.com/u/cms/www/201910/19045911huv1.pdf]
[www.autel.com/u/cms/www/202008/17092715dg04.png]
[www.autel.com/u/cms/www/202008/17092731oxvb.pdf]
[www.autel.com/u/cms/www/202008/17092644txwg.png]
[www.autel.com/u/cms/www/202008/17091926fnul.pdf]
[www.autel.com/u/cms/www/201910/28122423m2cs.png]
[www.autel.com/u/cms/www/201910/28122518974d.pdf]
[www.autel.com/u/cms/www/201910/28122332mmlq.png]
[www.autel.com/u/cms/www/201910/28122355p7qn.pdf]
[www.autel.com/u/cms/www/201910/28122159hghe.png]
[www.autel.com/u/cms/www/201910/28122247oub7.pdf]
[www.autel.com/u/cms/www/201910/281220576y3q.png]
[www.autel.com/u/cms/www/201910/281221328sl6.pdf]
[www.autel.com/u/cms/www/201910/28121852uepu.png]
[www.autel.com/u/cms/www/201910/28121909u7lu.jpg]
[www.autel.com/u/cms/www/201910/28121711yvxw.png]
[www.autel.com/u/cms/www/201910/281217542lcl.jpg]
[www.autel.com/u/cms/www/201910/28121617te8o.png]
[www.autel.com/u/cms/www/201910/281216479nf2.jpg]
[www.autel.com/u/cms/www/201910/28121458kkzn.png]
[www.autel.com/u/cms/www/201910/28121520vzo9.jpg]
[www.autel.com/u/cms/www/201910/2812135719di.png]
[www.autel.com/u/cms/www/202001/0303321772yn.png]
[www.autel.com/u/cms/www/201910/28120518m2if.png]
[www.autel.com/u/cms/www/201910/19052040216p.pdf]
[www.autel.com/u/cms/www/201910/28120650ay3d.png]
[www.autel.com/u/cms/www/201910/190519066yqd.pdf]
[www.autel.com/download.html]
[www.autel.com/u/cms/www/201910/260839504fla.jpg]
[www.autel.com/c/www/support/3105.html]
[www.autel.com/vehicle-coverage/coverage2.html]
[www.autel.com/vehicle-coverage/coverage1.html]
[www.autel.com/u/cms/www/201910/280324122df8.jpg]
[www.autel.com/u/cms/www/201910/28032217pbv7.jpg]
[www.autel.com/u/cms/www/201910/260841204xjr.png]
[www.autel.com/u/cms/www/201910/280322432ilb.jpg]
[www.autel.com/u/cms/www/201910/260844431dcm.jpg]
[www.autel.com/u/cms/www/201910/26084448fndy.jpg]
[www.autel.com/u/cms/www/201910/26084500gph8.jpg]
[www.autel.com/u/cms/www/201910/260845050hiv.jpg]
[www.autel.com/u/cms/www/201910/2608451118oo.jpg]
[www.autel.com/u/cms/www/201910/23085351pjer.jpg]
[www.autel.com/u/cms/www/201910/26084524fsw6.png]
[www.autel.com/c/www/about/3092.html]
[www.autel.com/u/cms/www/201910/260845314d5z.png]
[www.autel.com/u/cms/www/201910/10115817j9st.png]
[www.autel.com/u/cms/www/202011/1322301455v7.jpg]
[www.autel.com/c/www/news/3583.html]
[www.autel.com/u/cms/www/202004/30083329bnu4.jpg]
[www.autel.com/c/www/news/3512.html]
[www.autel.com/u/cms/www/201910/29094116i2ya.jpg]
[www.autel.com/c/www/news/3455.html]
[www.autel.com/u/cms/www/201910/29094653ip6b.jpg]
[www.autel.com/c/www/news/3162.html]
[www.autel.com/u/cms/www/201910/29094511aqmk.jpg]
[www.autel.com/c/www/about/3102.html]
[www.autel.com/c/www/news/3456.html]
[www.autel.com/u/cms/www/201910/26083722m14h.jpg]
[www.autel.com/c/www/about/3103.html]
[www.autel.com/u/cms/www/201910/26083819has3.jpg]
[www.autel.com/c/www/support/3108.html]
[www.autel.com/r/cms/www/default/autel/css/at_product.css]
[www.autel.com/u/cms/www/202011/24205230ukxu.jpg]
[www.autel.com/u/cms/www/202006/201259503lkx.png]
[www.autel.com/u/cms/www/202006/201259590rpl.png]
[www.autel.com/u/cms/www/202011/09141624rojh.gif]
[www.autel.com/u/cms/www/202011/201625462gw6.jpg]
[www.autel.com/u/cms/www/202007/070321029oqg.jpg]
[www.autel.com/u/cms/www/202012/040244291udd.pdf]
[www.autel.com/u/cms/www/202007/030610517icq.pdf]
[www.autel.com/u/cms/www/202011/18220635z9zs.pdf]
[www.autel.com/c/www/mk3/3525.html]
[www.autel.com/u/cms/www/202006/20125903hsb5.jpg]
[www.autel.com/u/cms/www/202006/20123644f85d.png]
[www.autel.com/u/cms/www/202006/201236534iwv.png]
[www.autel.com/u/cms/www/202011/201627255th2.jpg]
[www.autel.com/u/cms/www/202007/07031556ksm9.jpg]
[www.autel.com/u/cms/www/202007/06034445d191.pdf]
[www.autel.com/u/cms/www/202011/18220522r3w4.pdf]
[www.autel.com/u/cms/www/202012/04024919xcqp.pdf]
[www.autel.com/u/cms/www/202006/20123400lztk.jpg]
[www.autel.com/c/www/mk3/3524.html]
[www.autel.com/u/cms/www/201910/17201551275a.pdf]
[www.autel.com/u/cms/www/201910/30080811147o.pdf]
[www.autel.com/immotool1/3250.html]
[www.autel.com/u/cms/www/201911/14100516t31o.png]
[www.autel.com/news/3162.html]
[www.autel.com/u/cms/www/201910/29094022hm9r.jpg]
[www.autel.com/news/3456.html]
[www.autel.com/u/cms/www/201910/29094030r509.jpg]
[www.autel.com/news/3512.html]
[www.autel.com/news/3455.html]
[www.autel.com/c/www/legal/3113.html]
[www.autel.com/c/www/legal/3112.html]
[www.autel.com/r/cms/www/default/css/search.css]
[www.autel.com/r/cms/www/default/css/daterangepicker.css]
[www.autel.com/r/cms/www/default/css/reset.css]
[www.autel.com/r/cms/www/default/js/jquery.treemenu.js]
[www.autel.com/r/cms/www/default/js/jquery.highlight.js]
[www.autel.com/r/cms/www/default/js/search.js]
[www.autel.com/r/cms/www/default/js/moment.min.js]
[www.autel.com/search4176.html]
[www.autel.com/r/cms/www/default/autel/font/Helvetica.svg]
[www.autel.com/r/cms/www/default/autel/font/HelveticaBold.svg]
[www.autel.com/r/cms/www/default/autel/css/page.css]
[www.autel.com/partner.html]
[www.autel.com/r/cms/www/default/js/daterangepicker.js]
[www.autel.com/jp/r/cms/wwwjp/default/atImg/pdf_logo.png]
[www.autel.com/jp/r/cms/wwwjp/default/atImg/autel_ewm.png]
[www.autel.com/jp/r/cms/wwwjp/default/atImg/ts_arrow_dwon.png]
[www.autel.com/jp/r/cms/wwwjp/default/atImg/earth_icon.png]
[www.autel.com/jp/r/cms/wwwjp/default/atImg/lan751-icon.png]
[www.autel.com/jp/r/cms/wwwjp/default/atImg/arrow_right_751.png]
[www.autel.com/jp/r/cms/wwwjp/default/atImg/arrow_left_751.png]
[www.autel.com/jp/r/cms/wwwjp/default/atImg/updown_icon_751.png]
[www.autel.com/jp/r/cms/wwwjp/default/atImg/lan_arrow.png]
[www.autel.com/jp/r/cms/wwwjp/default/atImg/wtb_down_icon.png]
[www.autel.com/jp/r/cms/wwwjp/default/atImg/con_arrow.png]
[www.autel.com/jp/r/cms/wwwjp/default/atImg/join_logo4.png]
[www.autel.com/jp/r/cms/wwwjp/default/atImg/join_logo1.png]
[www.autel.com/jp/r/cms/wwwjp/default/atImg/join_logo2.png]
[www.autel.com/jp/r/cms/wwwjp/default/atImg/join_logo3.png]
[www.autel.com/jp/r/cms/wwwjp/default/atImg/db_arrow.png]
[www.autel.com/jp/r/cms/wwwjp/default/atImg/notes_logo.png]
[www.autel.com/jp/r/cms/wwwjp/default/atImg/search_logo.png]
[www.autel.com/jp/r/cms/wwwjp/default/atImg/arrow_down751.png]
[www.autel.com/jp/r/cms/wwwjp/default/atImg/search_icon2.png]
[www.autel.com/jp/r/cms/wwwjp/default/atImg/arrow_down.png]
[www.autel.com/jp/r/cms/wwwjp/default/atImg/headerNavBtn.png]
[www.autel.com/jp/r/cms/wwwjp/default/atImg/headerNavBtn2.png]
[www.autel.com/jp/r/cms/wwwjp/default/atImg/account751.png]
[www.autel.com/jp/r/cms/wwwjp/default/atImg/Faqs751_arrow_dwon.png]
[www.autel.com/jp/r/cms/wwwjp/default/autel/css/index.css]
[www.autel.com/jp/r/cms/wwwjp/default/atImg/arrow_right.png]
[www.autel.com/jp/r/cms/wwwjp/default/atImg/arrow_left.png]
[www.autel.com/jp/r/cms/wwwjp/default/autel/css/swiper.css]
[www.autel.com/jp/r/cms/wwwjp/default/autel/css/video-js.css]
[www.autel.com/jp/r/cms/wwwjp/default/autel/css/at_products.css]
[www.autel.com/jp/u/cms/wwwjp/201912/27134854lv45.jpg]
[www.autel.com/jp/u/cms/wwwjp/201912/271348515rfv.jpg]
[www.autel.com/jp/u/cms/wwwjp/201912/27135219plx4.jpg]
[www.autel.com/jp/u/cms/wwwjp/201912/27134931ydjv.jpg]
[www.autel.com/jp/u/cms/wwwjp/201912/30155930mogc.png]
[www.autel.com/jp/c/wwwjp/Advanced/3663.html]
[www.autel.com/jp/u/cms/wwwjp/201912/301559446f3s.png]
[www.autel.com/jp/c/wwwjp/Advanced/3662.html]
[www.autel.com/jp/u/cms/wwwjp/201912/301559012c0z.png]
[www.autel.com/jp/c/wwwjp/Advanced/3664.html]
[www.autel.com/jp/u/cms/wwwjp/202002/18175144dtkh.png]
[www.autel.com/jp/c/wwwjp/Diagnostictool.html]
[www.autel.com/jp/c/wwwjp/Advanced/3712.html]
[www.autel.com/jp/u/cms/wwwjp/201912/27135337y0eo.jpg]
[www.autel.com/jp/u/cms/wwwjp/201912/27135334gv18.jpg]
[www.autel.com/jp/u/cms/wwwjp/201912/31182238wb2m.png]
[www.autel.com/jp/c/wwwjp/adas/3665.html]
[www.autel.com/jp/u/cms/wwwjp/201912/31182302s9hh.png]
[www.autel.com/jp/c/wwwjp/ADAS.html]
[www.autel.com/jp/c/wwwjp/adas/3652.html]
[www.autel.com/jp/u/cms/wwwjp/201912/27135728lnfg.jpg]
[www.autel.com/jp/u/cms/wwwjp/201912/27135725h1m5.jpg]
[www.autel.com/jp/u/cms/wwwjp/201912/27113833wz57.png]
[www.autel.com/jp/c/wwwjp/specialtool/3666.html]
[www.autel.com/jp/u/cms/wwwjp/202002/18181715pazu.png]
[www.autel.com/jp/c/wwwjp/specialtool/3713.html]
[www.autel.com/jp/u/cms/wwwjp/202002/181832237n4b.png]
[www.autel.com/jp/c/wwwjp/SpecialTool.html]
[www.autel.com/jp/c/wwwjp/specialtool/3714.html]
[www.autel.com/jp/r/cms/wwwjp/default/autel/css/page.css]
[www.autel.com/jp/u/cms/wwwjp/201912/27101704jvdm.jpg]
[www.autel.com/jp/r/cms/wwwjp/default/js/jquery.my-message.1.1.js]
[www.autel.com/jp/c/wwwjp/support/3609.html]
[www.autel.com/jp/r/cms/wwwjp/default/js/app.js]
[www.autel.com/jp/u/cms/wwwjp/201912/27105815aary.png]
[www.autel.com/jp/u/cms/wwwjp/202007/22005356j97q.pdf]
[www.autel.com/jp/u/cms/wwwjp/202007/2801345119l9.pdf]
[www.autel.com/jp/u/cms/wwwjp/202006/02024807ptuf.pdf]
[www.autel.com/jp/u/cms/wwwjp/201912/3116012270op.pdf]
[www.autel.com/jp/u/cms/wwwjp/202005/280159215zlr.pdf]
[www.autel.com/jp/u/cms/wwwjp/202005/28010856b81q.pdf]
[www.autel.com/jp/u/cms/wwwjp/202012/25032221ac1e.pdf]
[www.autel.com/jp/r/cms/wwwjp/default/atImg/SSWJG.jpg]
[www.autel.com/jp/faqs.html]
[www.autel.com/jp/r/cms/wwwjp/default/autel/js/faqsShearch.js]
[www.autel.com/jp/u/cms/wwwjp/202011/11063833ekgo.pdf]
[www.autel.com/jp/u/cms/wwwjp/202001/03154552gkz7.png]
[www.autel.com/jp/u/cms/wwwjp/202008/17072042u55k.pdf]
[www.autel.com/jp/u/cms/wwwjp/202001/031542508tpk.pdf]
[www.autel.com/jp/u/cms/wwwjp/202001/03154739v1fp.pdf]
[www.autel.com/jp/u/cms/wwwjp/202001/03154800hego.pdf]
[www.autel.com/jp/updateInfo.html]
[www.autel.com/jp/u/cms/wwwjp/201912/281518508xzt.png]
[www.autel.com/jp/u/cms/wwwjp/201912/30164937mi1e.png]
[www.autel.com/jp/u/cms/wwwjp/201912/30175941ox0p.zip]
[www.autel.com/jp/u/cms/wwwjp/201912/30172946g0ip.png]
[www.autel.com/jp/u/cms/wwwjp/201912/301800110to0.zip]
[www.autel.com/jp/u/cms/wwwjp/201912/30173325iixs.png]
[www.autel.com/jp/u/cms/wwwjp/201912/3018003387yc.zip]
[www.autel.com/jp/u/cms/wwwjp/201912/301734476n2w.png]
[www.autel.com/jp/u/cms/wwwjp/201912/30180057v4xo.zip]
[www.autel.com/jp/u/cms/wwwjp/201912/301736231nde.png]
[www.autel.com/jp/u/cms/wwwjp/201912/30180124yf0v.zip]
[www.autel.com/jp/u/cms/wwwjp/201912/30173728vsct.png]
[www.autel.com/jp/u/cms/wwwjp/201912/30180257dupf.zip]
[www.autel.com/jp/u/cms/wwwjp/201912/30180928o1is.png]
[www.autel.com/jp/u/cms/wwwjp/201912/31145531lzk5.pdf]
[www.autel.com/jp/u/cms/wwwjp/201912/31145531ugnd.pdf]
[www.autel.com/jp/u/cms/wwwjp/201912/31145532thwg.pdf]
[www.autel.com/jp/u/cms/wwwjp/201912/31145533shme.pdf]
[www.autel.com/jp/u/cms/wwwjp/201912/31145534n63j.pdf]
[www.autel.com/jp/u/cms/wwwjp/201912/30181023d4c2.png]
[www.autel.com/jp/u/cms/wwwjp/201912/311458447t0l.pdf]
[www.autel.com/jp/u/cms/wwwjp/201912/311458445fi0.pdf]
[www.autel.com/jp/u/cms/wwwjp/201912/31145845hq9n.pdf]
[www.autel.com/jp/u/cms/wwwjp/201912/30181112nze9.png]
[www.autel.com/jp/u/cms/wwwjp/201912/31150108bgm1.pdf]
[www.autel.com/jp/u/cms/wwwjp/201912/311501107wr2.pdf]
[www.autel.com/jp/u/cms/wwwjp/201912/31150112pskd.pdf]
[www.autel.com/jp/u/cms/wwwjp/201912/3018121049nm.png]
[www.autel.com/jp/u/cms/wwwjp/201912/311506384s6b.pdf]
[www.autel.com/jp/u/cms/wwwjp/201912/31150639ohr2.pdf]
[www.autel.com/jp/u/cms/wwwjp/201912/31150639fxhw.pdf]
[www.autel.com/jp/u/cms/wwwjp/201912/311506399e3q.pdf]
[www.autel.com/jp/u/cms/wwwjp/201912/31112813ps5w.png]
[www.autel.com/jp/u/cms/wwwjp/201912/31151658z914.pdf]
[www.autel.com/jp/u/cms/wwwjp/201912/31151659cxl6.pdf]
[www.autel.com/jp/u/cms/wwwjp/201912/31151659rr9z.pdf]
[www.autel.com/jp/u/cms/wwwjp/201912/3115165994qe.pdf]
[www.autel.com/jp/u/cms/wwwjp/201912/311517000y06.pdf]
[www.autel.com/jp/u/cms/wwwjp/201912/31151700dmde.pdf]
[www.autel.com/jp/u/cms/wwwjp/201912/31151700lhrc.pdf]
[www.autel.com/jp/u/cms/wwwjp/201912/3115170157mu.pdf]
[www.autel.com/jp/u/cms/wwwjp/201912/311128550322.png]
[www.autel.com/jp/u/cms/wwwjp/201912/311508398ei9.pdf]
[www.autel.com/jp/u/cms/wwwjp/201912/31150839vzis.pdf]
[www.autel.com/jp/u/cms/wwwjp/201912/31112933tjzg.png]
[www.autel.com/jp/u/cms/wwwjp/201912/31152144q48o.pdf]
[www.autel.com/jp/u/cms/wwwjp/201912/31152144fkca.pdf]
[www.autel.com/jp/u/cms/wwwjp/201912/31152145ivy1.pdf]
[www.autel.com/jp/u/cms/wwwjp/201912/311521451moz.pdf]
[www.autel.com/jp/u/cms/wwwjp/201912/311521465pbo.pdf]
[www.autel.com/jp/u/cms/wwwjp/201912/31152146y66o.pdf]
[www.autel.com/jp/u/cms/wwwjp/201912/311523099car.pdf]
[www.autel.com/jp/u/cms/wwwjp/201912/311444254sdu.png]
[www.autel.com/jp/u/cms/wwwjp/201912/31144306r34v.pdf]
[www.autel.com/jp/u/cms/wwwjp/201912/31113134gmo9.png]
[www.autel.com/jp/u/cms/wwwjp/201912/31144202r7rd.pdf]
[www.autel.com/jp/u/cms/wwwjp/201912/31113210de9g.png]
[www.autel.com/jp/u/cms/wwwjp/201912/31143545mbe8.pdf]
[www.autel.com/jp/u/cms/wwwjp/201912/31113251fenb.png]
[www.autel.com/jp/u/cms/wwwjp/201912/31143607oill.pdf]
[www.autel.com/jp/u/cms/wwwjp/201912/31113322uih5.png]
[www.autel.com/jp/u/cms/wwwjp/201912/31143723ak2h.jpg]
[www.autel.com/jp/u/cms/wwwjp/201912/31113358w74s.png]
[www.autel.com/jp/u/cms/wwwjp/201912/31143746gd01.jpg]
[www.autel.com/jp/u/cms/wwwjp/201912/31113432ypl3.png]
[www.autel.com/jp/u/cms/wwwjp/201912/31143805ki6s.jpg]
[www.autel.com/jp/u/cms/wwwjp/201912/31113504chan.png]
[www.autel.com/jp/u/cms/wwwjp/201912/31143850bbwi.jpg]
[www.autel.com/jp/u/cms/wwwjp/201912/31113608ykx1.png]
[www.autel.com/jp/u/cms/wwwjp/202001/0311331221wg.png]
[www.autel.com/jp/u/cms/wwwjp/201912/31113641me39.png]
[www.autel.com/jp/u/cms/wwwjp/201912/31143939kcwr.pdf]
[www.autel.com/jp/u/cms/wwwjp/201912/311137139d6c.png]
[www.autel.com/jp/u/cms/wwwjp/201912/31143959251p.pdf]
[www.autel.com/jp/download.html]
[www.autel.com/jp/u/cms/wwwjp/201912/27101758ribw.jpg]
[www.autel.com/jp/c/wwwjp/support/3603.html]
[www.autel.com/jp/u/cms/wwwjp/202005/09020822nalg.jpg]
[www.autel.com/jp/c/wwwjp/support/3728.html]
[www.autel.com/jp/r/cms/wwwjp/default/atImg/Vehicle-Coverage.jpg]
[www.autel.com/jp/vehicle-coverage/coverage207a0.html]
[www.autel.com/jp/vehicle-coverage/coverage1.html]
[www.autel.com/jp/u/cms/wwwjp/201912/26160409r15u.jpg]
[www.autel.com/jp/u/cms/wwwjp/201912/26160221k5es.jpg]
[www.autel.com/jp/u/cms/wwwjp/201912/26160255ltm7.png]
[www.autel.com/jp/u/cms/wwwjp/201912/261603005jlq.jpg]
[www.autel.com/jp/u/cms/wwwjp/201912/26161122vblx.jpg]
[www.autel.com/jp/u/cms/wwwjp/201912/26161129cc3w.jpg]
[www.autel.com/jp/u/cms/wwwjp/201912/26161134lqvm.jpg]
[www.autel.com/jp/u/cms/wwwjp/201912/26160349aa5a.png]
[www.autel.com/jp/c/wwwjp/about/3613.html]
[www.autel.com/jp/u/cms/wwwjp/201912/26160354t8p6.png]
[www.autel.com/jp/u/cms/wwwjp/201912/27101615ssyp.jpg]
[www.autel.com/jp/u/cms/wwwjp/202012/090742535rcy.jpg]
[www.autel.com/jp/c/wwwjp/news/3767.html]
[www.autel.com/jp/u/cms/wwwjp/202011/110344437m70.jpg]
[www.autel.com/jp/c/wwwjp/news/3764.html]
[www.autel.com/jp/u/cms/wwwjp/202008/05032940qyn6.jpg]
[www.autel.com/jp/c/wwwjp/news/3752.html]
[www.autel.com/jp/u/cms/wwwjp/202007/2107532182pc.jpg]
[www.autel.com/jp/c/wwwjp/news/3745.html]
[www.autel.com/jp/u/cms/wwwjp/202007/13070804gd04.jpg]
[www.autel.com/jp/c/wwwjp/news/3744.html]
[www.autel.com/jp/u/cms/wwwjp/202004/151132182xfn.jpg]
[www.autel.com/jp/c/wwwjp/about/3611.html]
[www.autel.com/jp/c/wwwjp/news/3722.html]
[www.autel.com/jp/u/cms/wwwjp/201912/261551293lut.jpg]
[www.autel.com/jp/u/cms/wwwjp/202008/20100353trad.jpg]
[www.autel.com/jp/c/wwwjp/about/3612.html]
[www.autel.com/jp/u/cms/wwwjp/201912/261718251pwe.jpg]
[www.autel.com/jp/c/wwwjp/about/3610.html]
[www.autel.com/jp/c/wwwjp/about/3724.html]
[www.autel.com/jp/news/3745.html]
[www.autel.com/jp/r/cms/wwwjp/default/autel/css/at_product.css]
[www.autel.com/jp/u/cms/wwwjp/202004/02113233614f.pdf]
[www.autel.com/jp/u/cms/wwwjp/202006/02025708zirq.pdf]
[www.autel.com/jp/u/cms/wwwjp/202009/1408224491jh.pdf]
[www.autel.com/jp/u/cms/wwwjp/202010/1010043920lc.pdf]
[www.autel.com/jp/Advanced/3662.html]
[www.autel.com/jp/u/cms/wwwjp/202008/11130447j19l.png]
[www.autel.com/jp/u/cms/wwwjp/202004/02113137whs2.pdf]
[www.autel.com/jp/u/cms/wwwjp/202006/020255225mj7.pdf]
[www.autel.com/jp/u/cms/wwwjp/202009/14082137njes.pdf]
[www.autel.com/jp/u/cms/wwwjp/202010/101003242573.pdf]
[www.autel.com/jp/u/cms/wwwjp/202008/14100315hegv.jpg]
[www.autel.com/jp/Advanced/3663.html]
[www.autel.com/jp/u/cms/wwwjp/201912/27111741sp8e.jpg]
[www.autel.com/jp/u/cms/wwwjp/201912/271122217el3.jpg]
[www.autel.com/jp/u/cms/wwwjp/201912/27144430zone.jpg]
[www.autel.com/jp/u/cms/wwwjp/201912/27144447or77.jpg]
[www.autel.com/jp/u/cms/wwwjp/201912/27144452wl7d.jpg]
[www.autel.com/jp/u/cms/wwwjp/201912/31175838qs9g.jpg]
[www.autel.com/jp/u/cms/wwwjp/201912/311800012stu.jpg]
[www.autel.com/jp/u/cms/wwwjp/201912/31180006rstv.jpg]
[www.autel.com/jp/u/cms/wwwjp/201912/311800530mt7.jpg]
[www.autel.com/jp/u/cms/wwwjp/201912/311800570uk0.jpg]
[www.autel.com/jp/u/cms/wwwjp/201912/3118010450cw.jpg]
[www.autel.com/jp/u/cms/wwwjp/201912/31180109esvc.jpg]
[www.autel.com/jp/u/cms/wwwjp/201912/31180115kis0.jpg]
[www.autel.com/jp/u/cms/wwwjp/201912/31180121dkps.jpg]
[www.autel.com/jp/u/cms/wwwjp/201912/31180403zhae.jpg]
[www.autel.com/jp/u/cms/wwwjp/201912/31180359ckfg.jpg]
[www.autel.com/jp/u/cms/wwwjp/201912/3118035516ic.jpg]
[www.autel.com/jp/u/cms/wwwjp/201912/31180349u0or.jpg]
[www.autel.com/jp/u/cms/wwwjp/201912/311803459v2i.jpg]
[www.autel.com/jp/u/cms/wwwjp/202005/08060717ubs7.png]
[www.autel.com/jp/u/cms/wwwjp/202005/08035054j5ec.jpg]
[www.autel.com/jp/u/cms/wwwjp/202008/28070527n9dy.jpg]
[www.autel.com/jp/u/cms/wwwjp/202005/080607500jiv.png]
[www.autel.com/jp/u/cms/wwwjp/202005/08060809wauz.png]
[www.autel.com/jp/u/cms/wwwjp/202008/2806361678df.jpg]
[www.autel.com/jp/u/cms/wwwjp/202010/24085748pqr2.jpg]
[www.autel.com/jp/u/cms/wwwjp/202008/280708184b0u.jpg]
[www.autel.com/jp/u/cms/wwwjp/202008/280713561t67.jpg]
[www.autel.com/jp/u/cms/wwwjp/202008/28072347wbar.jpg]
[www.autel.com/jp/u/cms/wwwjp/202008/28072501p6o7.jpg]
[www.autel.com/jp/u/cms/wwwjp/202005/08054840kwzs.jpg]
[www.autel.com/jp/u/cms/wwwjp/202005/080549588awn.jpg]
[www.autel.com/jp/u/cms/wwwjp/202005/08061009beuu.png]
[www.autel.com/jp/u/cms/wwwjp/202008/28074438ykgu.jpg]
[www.autel.com/jp/u/cms/wwwjp/202004/01133226r8pl.pdf]
[www.autel.com/jp/u/cms/wwwjp/202004/01133950oyoo.pdf]
[www.autel.com/jp/u/cms/wwwjp/202004/0113392433dp.pdf]
[www.autel.com/jp/u/cms/wwwjp/202004/01134301dplk.pdf]
[www.autel.com/jp/u/cms/wwwjp/202009/240605594p5v.pdf]
[www.autel.com/jp/u/cms/wwwjp/202009/271220092nrq.pdf]
[www.autel.com/jp/u/cms/wwwjp/202011/11033227tmhq.pdf]
[www.autel.com/jp/u/cms/wwwjp/202008/05070203tdix.jpg]
[www.autel.com/jp/u/cms/wwwjp/202008/05070422x6ph.jpg]
[www.autel.com/jp/adas/3665.html]
[www.autel.com/jp/specialtool/3666.html]
[www.autel.com/jp/news/3767.html]
[www.autel.com/jp/news/3764.html]
[www.autel.com/jp/about/3611.html]
[www.autel.com/jp/c/wwwjp/legal/3615.html]
[www.autel.com/jp/c/wwwjp/legal/3616.html]
[www.autel.com/jp/r/cms/wwwjp/default/css/search.css]
[www.autel.com/jp/r/cms/wwwjp/default/css/daterangepicker.css]
[www.autel.com/jp/r/cms/wwwjp/default/css/reset.css]
[www.autel.com/jp/r/cms/wwwjp/default/js/jquery.treemenu.js]
[www.autel.com/jp/r/cms/wwwjp/default/atImg/SSWJG.png]
[www.autel.com/jp/r/cms/wwwjp/default/js/jquery.highlight.js]
[www.autel.com/jp/r/cms/wwwjp/default/js/search.js]
[www.autel.com/jp/r/cms/wwwjp/default/js/moment.min.js]
[www.autel.com/jp/search4176.html]
[www.autel.com/r/cms/wwwjp/default/js/front.html]
[www.autel.com/jp/r/cms/wwwjp/default/js/daterangepicker.js]
[www.autel.com/es/r/cms/wwwes/default/autel/font/Helvetica.eot]
[www.autel.com/es/r/cms/wwwes/default/autel/font/Helveticad41d.eot]
[www.autel.com/es/r/cms/wwwes/default/autel/font/Helvetica.woff]
[www.autel.com/es/r/cms/wwwes/default/autel/font/Helvetica.ttf]
[www.autel.com/es/r/cms/wwwes/default/autel/font/HelveticaBold.eot]
[www.autel.com/es/r/cms/wwwes/default/autel/font/HelveticaBoldd41d.eot]
[www.autel.com/es/r/cms/wwwes/default/autel/font/HelveticaBold.woff]
[www.autel.com/es/r/cms/wwwes/default/autel/font/HelveticaBold.ttf]
[www.autel.com/es/r/cms/wwwes/default/atImg/pdf_logo.png]
[www.autel.com/es/r/cms/wwwes/default/atImg/ts_arrow_dwon.png]
[www.autel.com/es/r/cms/wwwes/default/atImg/earth_icon.png]
[www.autel.com/es/r/cms/wwwes/default/atImg/arrow_right_751.png]
[www.autel.com/es/r/cms/wwwes/default/atImg/arrow_left_751.png]
[www.autel.com/es/r/cms/wwwes/default/atImg/updown_icon_751.png]
[www.autel.com/es/r/cms/wwwes/default/atImg/lan_arrow.png]
[www.autel.com/es/r/cms/wwwes/default/atImg/wtb_down_icon.png]
[www.autel.com/es/r/cms/wwwes/default/atImg/con_arrow.png]
[www.autel.com/es/r/cms/wwwes/default/atImg/db_arrow.png]
[www.autel.com/es/r/cms/wwwes/default/atImg/notes_logo.png]
[www.autel.com/es/r/cms/wwwes/default/atImg/search_logo.png]
[www.autel.com/es/r/cms/wwwes/default/atImg/arrow_down751.png]
[www.autel.com/es/r/cms/wwwes/default/atImg/search_icon2.png]
[www.autel.com/es/r/cms/wwwes/default/atImg/arrow_down.png]
[www.autel.com/es/r/cms/wwwes/default/atImg/vc_banner.png]
[www.autel.com/es/r/cms/wwwes/default/atImg/headerNavBtn.png]
[www.autel.com/es/r/cms/wwwes/default/atImg/headerNavBtn2.png]
[www.autel.com/es/r/cms/wwwes/default/atImg/account751.png]
[www.autel.com/es/r/cms/wwwes/default/atImg/Faqs751_arrow_dwon.png]
[www.autel.com/es/r/cms/wwwes/default/autel/css/index.css]
[www.autel.com/es/r/cms/wwwes/default/atImg/arrow_right.png]
[www.autel.com/es/r/cms/wwwes/default/atImg/arrow_left.png]
[www.autel.com/es/r/cms/wwwes/default/autel/css/swiper.css]
[www.autel.com/es/r/cms/wwwes/default/autel/css/video-js.css]
[www.autel.com/es/r/cms/wwwes/default/autel/css/page.css]
[www.autel.com/es/u/cms/wwwes/202007/081459090eg8.jpg]
[www.autel.com/es/u/cms/wwwes/202008/27085319kapm.png]
[www.autel.com/es/u/cms/wwwes/202007/020728069zma.png]
[www.autel.com/es/u/cms/wwwes/202007/020728159qrb.png]
[www.autel.com/es/u/cms/wwwes/202007/020728543cg6.png]
[www.autel.com/es/u/cms/wwwes/202007/020729038mte.png]
[www.autel.com/es/u/cms/wwwes/202007/02072912q19m.png]
[www.autel.com/es/u/cms/wwwes/202007/020729231zea.png]
[www.autel.com/es/u/cms/wwwes/202007/02072932t1xu.png]
[www.autel.com/es/u/cms/wwwes/202007/02072941askf.png]
[www.autel.com/es/u/cms/wwwes/202007/02072952gku4.png]
[www.autel.com/es/u/cms/wwwes/202007/02073005np5i.png]
[www.autel.com/es/u/cms/wwwes/202007/02073014uq7s.png]
[www.autel.com/es/u/cms/wwwes/202007/02073024szzf.png]
[www.autel.com/es/u/cms/wwwes/202007/0207303276oi.png]
[www.autel.com/es/u/cms/wwwes/202007/02073039xqxm.png]
[www.autel.com/es/u/cms/wwwes/202007/02073100ldf9.png]
[www.autel.com/es/u/cms/wwwes/202007/02073110ch81.png]
[www.autel.com/es/u/cms/wwwes/202007/261102352nie.jpg]
[www.autel.com/es/u/cms/wwwes/202007/300816222fpq.jpg]
[www.autel.com/es/partner.html]
[www.autel.com/es/wheretobuy.html]
[www.autel.com/es/r/cms/wwwes/default/autel/css/at_products.css]
[www.autel.com/es/u/cms/wwwes/202007/10150955qwfq.jpg]
[www.autel.com/es/u/cms/wwwes/202007/10150948e2wl.jpg]
[www.autel.com/es/mk2/3216.html]
[www.autel.com/es/u/cms/wwwes/202007/17195614f5ch.jpg]
[www.autel.com/es/u/cms/wwwes/202007/091712440knm.jpg]
[www.autel.com/es/mk3/3764.html]
[www.autel.com/es/u/cms/wwwes/202007/17195646xn93.jpg]
[www.autel.com/es/u/cms/wwwes/202007/17195637ta0g.jpg]
[www.autel.com/es/u/cms/wwwes/202007/10145753pegq.jpg]
[www.autel.com/es/u/cms/wwwes/202007/101457459mou.jpg]
[www.autel.com/es/mk2/3223.html]
[www.autel.com/es/u/cms/wwwes/202007/10145925u4nq.jpg]
[www.autel.com/es/u/cms/wwwes/202007/1014591883kv.jpg]
[www.autel.com/es/mk1/3247.html]
[www.autel.com/es/u/cms/wwwes/202007/071417194485.png]
[www.autel.com/es/mk1/3239.html]
[www.autel.com/es/u/cms/wwwes/202007/07141737xhr5.png]
[www.autel.com/es/u/cms/wwwes/202007/07141755xz04.png]
[www.autel.com/es/mk1/3240.html]
[www.autel.com/es/u/cms/wwwes/202007/07141814bm0n.png]
[www.autel.com/es/mk1/3243.html]
[www.autel.com/es/u/cms/wwwes/202007/07141832njdl.png]
[www.autel.com/es/mk1/3241.html]
[www.autel.com/es/u/cms/wwwes/202007/071418523ego.png]
[www.autel.com/es/mk1/3248.html]
[www.autel.com/es/u/cms/wwwes/202007/07141911s0jb.png]
[www.autel.com/es/mk1/3249.html]
[www.autel.com/es/u/cms/wwwes/202007/07141931dc5p.png]
[www.autel.com/es/mk1/3244.html]
[www.autel.com/es/u/cms/wwwes/202007/07141951yzxf.png]
[www.autel.com/es/mk1/3245.html]
[www.autel.com/es/u/cms/wwwes/202007/07142016asiu.png]
[www.autel.com/es/mk1/3246.html]
[www.autel.com/es/u/cms/wwwes/202007/071420393d8s.png]
[www.autel.com/es/mk1/3252.html]
[www.autel.com/es/u/cms/wwwes/202007/07142057fklp.png]
[www.autel.com/es/mk1/3242.html]
[www.autel.com/es/u/cms/wwwes/202007/07142114l7a6.png]
[www.autel.com/es/mk1/3251.html]
[www.autel.com/es/u/cms/wwwes/202007/07144458pp4p.png]
[www.autel.com/es/mk1/3262.html]
[www.autel.com/es/u/cms/wwwes/202007/07140348qq65.png]
[www.autel.com/es/u/cms/wwwes/202007/07140426djom.png]
[www.autel.com/es/mk2/3224.html]
[www.autel.com/es/u/cms/wwwes/202007/07141157f8wi.png]
[www.autel.com/es/u/cms/wwwes/202007/07141220h7ls.png]
[www.autel.com/es/mk2/3218.html]
[www.autel.com/es/u/cms/wwwes/202007/07141602nmwi.png]
[www.autel.com/es/mk2/3225.html]
[www.autel.com/es/u/cms/wwwes/202007/07141631yvqg.png]
[www.autel.com/es/mk2/3226.html]
[www.autel.com/es/u/cms/wwwes/202007/11150315hls4.png]
[www.autel.com/es/u/cms/wwwes/202007/111501211iu1.png]
[www.autel.com/es/u/cms/wwwes/202007/111442101kfl.png]
[www.autel.com/es/mk3/3769.html]
[www.autel.com/es/u/cms/wwwes/202007/07140037hie9.png]
[www.autel.com/es/u/cms/wwwes/202005/270918422kss.png]
[www.autel.com/es/mk3/3215.html]
[www.autel.com/es/u/cms/wwwes/202007/07135237uptv.png]
[www.autel.com/es/mk3/3229.html]
[www.autel.com/es/u/cms/wwwes/202007/07135318kyxr.png]
[www.autel.com/es/mk3/3221.html]
[www.autel.com/es/u/cms/wwwes/202007/07135158ek9o.png]
[www.autel.com/es/u/cms/wwwes/202007/071357007klz.png]
[www.autel.com/es/mk3/3220.html]
[www.autel.com/es/u/cms/wwwes/202007/07115809nher.png]
[www.autel.com/es/mk3/3217.html]
[www.autel.com/es/u/cms/wwwes/202007/071357457l6b.png]
[www.autel.com/es/mk3/3233.html]
[www.autel.com/es/diagnostictools.html]
[www.autel.com/es/u/cms/wwwes/202007/10174731e9d3.jpg]
[www.autel.com/es/u/cms/wwwes/202007/10174724k4h1.jpg]
[www.autel.com/es/u/cms/wwwes/202007/0714572212e3.png]
[www.autel.com/es/special/3282.html]
[www.autel.com/es/u/cms/wwwes/202007/071457480xgn.png]
[www.autel.com/es/special/3283.html]
[www.autel.com/es/u/cms/wwwes/202007/07145814sfcq.png]
[www.autel.com/es/special/3284.html]
[www.autel.com/es/u/cms/wwwes/202007/071458357hfb.png]
[www.autel.com/es/special/3275.html]
[www.autel.com/es/u/cms/wwwes/202007/071459061ug9.png]
[www.autel.com/es/special/3273.html]
[www.autel.com/es/u/cms/wwwes/202007/07145941u5l3.png]
[www.autel.com/es/special/3272.html]
[www.autel.com/es/u/cms/wwwes/202007/071500355xyh.png]
[www.autel.com/es/special/3274.html]
[www.autel.com/es/u/cms/wwwes/202007/07150207o1od.png]
[www.autel.com/es/special/3285.html]
[www.autel.com/es/u/cms/wwwes/202007/07150256yzh7.png]
[www.autel.com/es/special/3288.html]
[www.autel.com/es/u/cms/wwwes/202007/071508509wp1.png]
[www.autel.com/es/special/3287.html]
[www.autel.com/es/specialtoolbanner/3327.html]
[www.autel.com/es/specialtool.html]
[www.autel.com/es/u/cms/wwwes/202007/10152429rw79.jpg]
[www.autel.com/es/u/cms/wwwes/202007/101523473hot.jpg]
[www.autel.com/es/immotool1/3763.html]
[www.autel.com/es/u/cms/wwwes/202007/10151908zcdk.jpg]
[www.autel.com/es/u/cms/wwwes/202007/101519005x71.jpg]
[www.autel.com/es/u/cms/wwwes/202007/07145142rknf.png]
[www.autel.com/es/u/cms/wwwes/202007/07145230as3f.png]
[www.autel.com/es/banner1/3768.html]
[www.autel.com/es/banner1/3325.html]
[www.autel.com/es/immotool.html]
[www.autel.com/es/u/cms/wwwes/202006/111923372t95.jpg]
[www.autel.com/es/r/cms/wwwes/default/js/jquery.my-message.1.1.js]
[www.autel.com/es/support/3132.html]
[www.autel.com/es/r/cms/wwwes/default/js/app.js]
[www.autel.com/es/u/cms/wwwes/202007/16140247gf1a.png]
[www.autel.com/es/r/cms/wwwes/default/atImg/SSWJG.jpg]
[www.autel.com/es/faqs.html]
[www.autel.com/es/r/cms/wwwes/default/autel/js/faqsShearch.js]
[www.autel.com/es/u/cms/wwwes/202007/13105324us96.jpg]
[www.autel.com/es/u/cms/wwwes/202007/131057081u92.pdf]
[www.autel.com/es/u/cms/wwwes/202007/161653092yym.pdf]
[www.autel.com/es/u/cms/wwwes/202007/161653419kyq.pdf]
[www.autel.com/es/u/cms/wwwes/202007/16104706wxfk.pdf]
[www.autel.com/es/u/cms/wwwes/202007/16105347tifl.pdf]
[www.autel.com/es/u/cms/wwwes/202007/16105320m27o.pdf]
[www.autel.com/es/u/cms/wwwes/202007/16105256ghxp.pdf]
[www.autel.com/es/u/cms/wwwes/202007/16105225lhnt.pdf]
[www.autel.com/es/updateInfo.html]
[www.autel.com/es/u/cms/wwwes/202007/161445112tfi.png]
[www.autel.com/es/u/cms/wwwes/202007/17104626xc59.zip]
[www.autel.com/es/u/cms/wwwes/202007/17104616rqgd.png]
[www.autel.com/es/u/cms/wwwes/202007/17104955xru1.zip]
[www.autel.com/es/u/cms/wwwes/202007/17104643vv5m.png]
[www.autel.com/es/u/cms/wwwes/202007/17104716q3nq.zip]
[www.autel.com/es/u/cms/wwwes/202007/17104708cll2.png]
[www.autel.com/es/u/cms/wwwes/202007/17104743kbf4.zip]
[www.autel.com/es/u/cms/wwwes/202007/17104733ad7l.png]
[www.autel.com/es/u/cms/wwwes/202007/17104808jyd4.zip]
[www.autel.com/es/u/cms/wwwes/202007/17104800fsox.png]
[www.autel.com/es/u/cms/wwwes/202007/17104833s3th.zip]
[www.autel.com/es/u/cms/wwwes/202007/17104824b9gp.png]
[www.autel.com/es/u/cms/wwwes/202007/17132556pblh.png]
[www.autel.com/es/u/cms/wwwes/202007/17132527n4bu.pdf]
[www.autel.com/es/u/cms/wwwes/202007/1713252789ui.pdf]
[www.autel.com/es/u/cms/wwwes/202007/17132527rnu8.pdf]
[www.autel.com/es/u/cms/wwwes/202007/171325273ztw.pdf]
[www.autel.com/es/u/cms/wwwes/202007/17132528tuyy.pdf]
[www.autel.com/es/u/cms/wwwes/202007/17132628s92s.png]
[www.autel.com/es/u/cms/wwwes/202007/171326358rc5.pdf]
[www.autel.com/es/u/cms/wwwes/202007/17132635lc2i.pdf]
[www.autel.com/es/u/cms/wwwes/202007/17132636p3wl.pdf]
[www.autel.com/es/u/cms/wwwes/202007/17132700lo5f.png]
[www.autel.com/es/u/cms/wwwes/202007/17132724qxe2.pdf]
[www.autel.com/es/u/cms/wwwes/202007/17132724mtn1.pdf]
[www.autel.com/es/u/cms/wwwes/202007/17132724eaex.pdf]
[www.autel.com/es/u/cms/wwwes/202007/17132751hegp.png]
[www.autel.com/es/u/cms/wwwes/202007/171330268cwe.pdf]
[www.autel.com/es/u/cms/wwwes/202007/17133026alf5.pdf]
[www.autel.com/es/u/cms/wwwes/202007/17133026cny3.pdf]
[www.autel.com/es/u/cms/wwwes/202007/171330262ijo.pdf]
[www.autel.com/es/u/cms/wwwes/202007/171330480enz.png]
[www.autel.com/es/u/cms/wwwes/202007/17133101zxdi.pdf]
[www.autel.com/es/u/cms/wwwes/202007/17133105klo1.pdf]
[www.autel.com/es/u/cms/wwwes/202007/17133107vxv2.pdf]
[www.autel.com/es/u/cms/wwwes/202007/17133109u6ao.pdf]
[www.autel.com/es/u/cms/wwwes/202007/17133110seiw.pdf]
[www.autel.com/es/u/cms/wwwes/202007/1713311166uv.pdf]
[www.autel.com/es/u/cms/wwwes/202007/17133112x49l.pdf]
[www.autel.com/es/u/cms/wwwes/202007/17133113qaw8.pdf]
[www.autel.com/es/u/cms/wwwes/202007/17133139cmvo.png]
[www.autel.com/es/u/cms/wwwes/202007/17133147u9sq.pdf]
[www.autel.com/es/u/cms/wwwes/202007/17133147low5.pdf]
[www.autel.com/es/u/cms/wwwes/202007/17133205sqbo.png]
[www.autel.com/es/u/cms/wwwes/202007/17133217p2xj.pdf]
[www.autel.com/es/u/cms/wwwes/202007/17133221l4qg.pdf]
[www.autel.com/es/u/cms/wwwes/202007/171332237cin.pdf]
[www.autel.com/es/u/cms/wwwes/202007/171332242isj.pdf]
[www.autel.com/es/u/cms/wwwes/202007/171332264eis.pdf]
[www.autel.com/es/u/cms/wwwes/202007/17133227sdgy.pdf]
[www.autel.com/es/u/cms/wwwes/202007/17133228k1ze.pdf]
[www.autel.com/es/u/cms/wwwes/202007/17133320o358.png]
[www.autel.com/es/u/cms/wwwes/202007/17133330za1q.pdf]
[www.autel.com/es/u/cms/wwwes/202007/1713334333ox.png]
[www.autel.com/es/u/cms/wwwes/202007/17133351s031.pdf]
[www.autel.com/es/u/cms/wwwes/202007/17133406jixq.png]
[www.autel.com/es/u/cms/wwwes/202007/17133415ggiy.pdf]
[www.autel.com/es/u/cms/wwwes/202007/17133435n1yz.png]
[www.autel.com/es/u/cms/wwwes/202007/171334428iz6.pdf]
[www.autel.com/es/u/cms/wwwes/202007/171335132i5a.png]
[www.autel.com/es/u/cms/wwwes/202007/17133527miko.jpg]
[www.autel.com/es/u/cms/wwwes/202007/17133545n52z.png]
[www.autel.com/es/u/cms/wwwes/202007/171335560xkg.jpg]
[www.autel.com/es/u/cms/wwwes/202007/17133617ad2g.png]
[www.autel.com/es/u/cms/wwwes/202007/17133625h8y1.jpg]
[www.autel.com/es/u/cms/wwwes/202007/17133646qq4z.png]
[www.autel.com/es/u/cms/wwwes/202007/17133701hdpl.jpg]
[www.autel.com/es/u/cms/wwwes/202007/20133426xurj.png]
[www.autel.com/es/u/cms/wwwes/202007/201336417rhz.png]
[www.autel.com/es/u/cms/wwwes/202007/20133714619k.png]
[www.autel.com/es/u/cms/wwwes/202007/201337259r9e.pdf]
[www.autel.com/es/u/cms/wwwes/202007/20133754wweg.png]
[www.autel.com/es/u/cms/wwwes/202007/20133802ucpl.pdf]
[www.autel.com/es/download.html]
[www.autel.com/es/u/cms/wwwes/202006/111925363j5o.jpg]
[www.autel.com/es/support/3105.html]
[www.autel.com/es/vehicle-coverage/coverage1.html]
[www.autel.com/es/vehicle-coverage/coverage2.html]
[www.autel.com/es/u/cms/wwwes/202006/11192618ga47.jpg]
[www.autel.com/es/u/cms/wwwes/202007/13144510ds6c.jpg]
[www.autel.com/es/u/cms/wwwes/202007/13143526cemy.png]
[www.autel.com/es/u/cms/wwwes/202007/13143542impq.jpg]
[www.autel.com/es/u/cms/wwwes/202007/13143606zflu.jpg]
[www.autel.com/es/u/cms/wwwes/202007/13143616yrsd.jpg]
[www.autel.com/es/u/cms/wwwes/202007/13143642fplq.jpg]
[www.autel.com/es/u/cms/wwwes/202007/131436539lu5.jpg]
[www.autel.com/es/u/cms/wwwes/202007/13143708zo7n.jpg]
[www.autel.com/es/u/cms/wwwes/202007/13143716ys9g.jpg]
[www.autel.com/es/u/cms/wwwes/202007/131437458ti3.png]
[www.autel.com/es/u/cms/wwwes/202007/13143755f3x9.png]
[www.autel.com/es/about/3092.html]
[www.autel.com/es/u/cms/wwwes/202006/11192634ut1e.png]
[www.autel.com/es/u/cms/wwwes/202007/16154117nkv1.jpg]
[www.autel.com/es/u/cms/wwwes/202007/11173501mb4q.jpg]
[www.autel.com/es/u/cms/wwwes/202007/11173740bq54.jpg]
[www.autel.com/es/u/cms/wwwes/202007/11170912s3pj.jpg]
[www.autel.com/es/news/3456.html]
[www.autel.com/es/about/3102.html]
[www.autel.com/es/u/cms/wwwes/202006/11192649w5ez.jpg]
[www.autel.com/es/about/3103.html]
[www.autel.com/es/tpms.html]
[www.autel.com/es/adas.html]
[www.autel.com/es/r/cms/wwwes/default/autel/css/at_product.css]
[www.autel.com/es/u/cms/wwwes/202007/22111356knbu.jpg]
[www.autel.com/es/u/cms/wwwes/202007/111502210dew.pdf]
[www.autel.com/es/u/cms/wwwes/202007/111502324lyk.pdf]
[www.autel.com/es/u/cms/wwwes/202007/11150425k15f.png]
[www.autel.com/es/mk3/3771.html]
[www.autel.com/es/u/cms/wwwes/202007/11150127szxl.png]
[www.autel.com/es/u/cms/wwwes/202007/22112246va9c.jpg]
[www.autel.com/es/u/cms/wwwes/202007/11150147jxoj.pdf]
[www.autel.com/es/u/cms/wwwes/202007/11150156fcc4.pdf]
[www.autel.com/es/mk3/3770.html]
[www.autel.com/es/u/cms/wwwes/202007/11150051d25x.png]
[www.autel.com/es/u/cms/wwwes/202007/17143015n7g8.pdf]
[www.autel.com/es/mk3/3219.html]
[www.autel.com/es/u/cms/wwwes/202007/11154027c78g.png]
[www.autel.com/es/u/cms/wwwes/202007/071452409w9e.pdf]
[www.autel.com/es/immotool1/3762.html]
[www.autel.com/es/u/cms/wwwes/202007/11154608yw0u.png]
[www.autel.com/es/u/cms/wwwes/202007/11173437ulsy.jpg]
[www.autel.com/es/u/cms/wwwes/202007/11173421m6x6.jpg]
[www.autel.com/es/news/3777.html]
[www.autel.com/es/news/3455.html]
[www.autel.com/es/u/cms/wwwes/202007/111737129p6u.jpg]
[www.autel.com/es/u/cms/wwwes/202007/11173723fjbp.jpg]
[www.autel.com/es/news/3162.html]
[www.autel.com/es/legal/3113.html]
[www.autel.com/es/legal/3112.html]
[www.autel.com/es/r/cms/wwwes/default/css/search.css]
[www.autel.com/es/r/cms/wwwes/default/css/daterangepicker.css]
[www.autel.com/es/r/cms/wwwes/default/css/reset.css]
[www.autel.com/es/r/cms/wwwes/default/js/jquery.treemenu.js]
[www.autel.com/es/r/cms/wwwes/default/js/jquery.highlight.js]
[www.autel.com/es/r/cms/wwwes/default/js/search.js]
[www.autel.com/es/r/cms/wwwes/default/js/moment.min.js]
[www.autel.com/es/search4176.html]
[www.autel.com/r/cms/www/default/autel/css/at_products.css]
[www.autel.com/es/r/cms/wwwes/default/js/daterangepicker.js]
[www.autel.com/u/cms/www/201910/25025606uceb.png]
[www.autel.com/u/cms/www/202012/04170000x44x.png]
[www.autel.com/u/cms/www/202012/0417000626el.png]
[www.autel.com/u/cms/www/202012/04170011tj83.png]
[www.autel.com/u/cms/www/202012/041700159sdk.png]
[www.autel.com/u/cms/www/201910/2502140224zv.pdf]
[www.autel.com/u/cms/www/202006/05091511wacl.jpg]
[www.autel.com/mk3/3232.html]
[www.autel.com/u/cms/www/201910/19022502kw67.pdf]
[www.autel.com/u/cms/www/201912/25085353k0zc.pdf]
[www.autel.com/u/cms/www/201912/250856151mmi.pdf]
[www.autel.com/u/cms/www/201912/25085814uy1r.zip]
[www.autel.com/u/cms/www/202011/2009323148nf.apk]
[www.autel.com/special/3288.html]
[www.autel.com/u/cms/www/201910/19022436tx3l.png]
[www.autel.com/u/cms/www/202012/02212629vs9j.png]
[www.autel.com/u/cms/www/202012/022126360aki.png]
[www.autel.com/u/cms/www/202012/022126425cah.png]
[www.autel.com/u/cms/www/201910/17194055ac2k.pdf]
[www.autel.com/u/cms/www/201911/090835305vyx.pdf]
[www.autel.com/u/cms/www/202004/23025733bdny.pdf]
[www.autel.com/mk1/3247.html]
[www.autel.com/u/cms/www/202012/04170138a9pv.png]
[www.autel.com/u/cms/www/202012/041701437xox.png]
[www.autel.com/u/cms/www/202012/04170147vz1w.png]
[www.autel.com/u/cms/www/202012/04170151cech.png]
[www.autel.com/u/cms/www/202012/041701561ce1.png]
[www.autel.com/u/cms/www/201910/2510061924tp.pdf]
[www.autel.com/mk2/3223.html]
[www.autel.com/u/cms/www/202007/301204593o60.png]
[www.autel.com/u/cms/www/202007/03034716k726.pdf]
[www.autel.com/u/cms/www/202007/03034727be1f.pdf]
[www.autel.com/u/cms/www/202007/03034737p1hf.pdf]
[www.autel.com/c/www/mk1/3533.html]
[www.autel.com/u/cms/www/202012/11210614097x.png]
[www.autel.com/u/cms/www/202012/11210625h43e.png]
[www.autel.com/u/cms/www/201910/151158279dbd.pdf]
[www.autel.com/c/www/mk1/3182.html]
[www.autel.com/u/cms/www/202012/11212100uw6s.png]
[www.autel.com/u/cms/www/202012/112121055wh0.png]
[www.autel.com/u/cms/www/201910/170313453bkp.zip]
[www.autel.com/u/cms/www/201910/17031349jrbg.zip]
[www.autel.com/u/cms/www/201911/06120136awdi.zip]
[www.autel.com/u/cms/www/201911/06120154zerg.zip]
[www.autel.com/u/cms/www/201911/061202138ihs.zip]
[www.autel.com/u/cms/www/201911/061204252yk7.zip]
[www.autel.com/u/cms/www/201911/06120516lluk.zip]
[www.autel.com/u/cms/www/202004/23025600x41b.pdf]
[www.autel.com/c/www/mk1/3239.html]
[www.autel.com/c/www/mk1/3247.html]
[www.autel.com/u/cms/www/202012/112121453dr5.png]
[www.autel.com/u/cms/www/201910/17043237a72m.zip]
[www.autel.com/u/cms/www/201910/170432403p66.zip]
[www.autel.com/u/cms/www/201910/17043247y3lw.zip]
[www.autel.com/u/cms/www/201910/17043247eqbe.zip]
[www.autel.com/u/cms/www/201910/17043248ikcy.zip]
[www.autel.com/u/cms/www/201910/17043251zlb3.zip]
[www.autel.com/u/cms/www/202004/23025849b4sk.pdf]
[www.autel.com/c/www/mk1/3240.html]
[www.autel.com/u/cms/www/202012/11212221bgsr.png]
[www.autel.com/u/cms/www/202012/112122277k62.png]
[www.autel.com/u/cms/www/202012/112122327vdq.png]
[www.autel.com/u/cms/www/202012/112122364hpx.png]
[www.autel.com/u/cms/www/201911/09084154s6xn.zip]
[www.autel.com/u/cms/www/201911/09084223uj9a.zip]
[www.autel.com/u/cms/www/201911/090843040obm.zip]
[www.autel.com/u/cms/www/201911/090843347no2.zip]
[www.autel.com/u/cms/www/202004/2303000296uk.pdf]
[www.autel.com/c/www/mk1/3243.html]
[www.autel.com/u/cms/www/202012/1121231777oj.png]
[www.autel.com/u/cms/www/202012/11212323n1hb.png]
[www.autel.com/u/cms/www/202012/112123279h5m.png]
[www.autel.com/u/cms/www/202012/11212333skgf.png]
[www.autel.com/u/cms/www/201911/06122210w21b.zip]
[www.autel.com/u/cms/www/201911/061222507ta3.zip]
[www.autel.com/u/cms/www/201911/061223358ggz.zip]
[www.autel.com/u/cms/www/201911/06122422qt3x.zip]
[www.autel.com/u/cms/www/201911/061224538x8b.zip]
[www.autel.com/u/cms/www/201911/06122542j029.zip]
[www.autel.com/c/www/mk1/3241.html]
[www.autel.com/u/cms/www/202004/23030100dcbg.pdf]
[www.autel.com/u/cms/www/202012/02212740x3d3.png]
[www.autel.com/u/cms/www/202012/11212431ic8e.png]
[www.autel.com/u/cms/www/202012/11212436fez3.png]
[www.autel.com/u/cms/www/201911/09084721c7jm.pdf]
[www.autel.com/u/cms/www/202004/23030200pkx8.pdf]
[www.autel.com/c/www/mk1/3248.html]
[www.autel.com/u/cms/www/201911/0908534838by.pdf]
[www.autel.com/u/cms/www/202004/23030251ogjv.pdf]
[www.autel.com/c/www/mk1/3249.html]
[www.autel.com/u/cms/www/202004/23030327s7kd.pdf]
[www.autel.com/u/cms/www/202008/24120048vwkx.zip]
[www.autel.com/u/cms/www/202008/24120059rj37.zip]
[www.autel.com/u/cms/www/202008/24120112dgqv.zip]
[www.autel.com/u/cms/www/202008/24120123hp79.zip]
[www.autel.com/c/www/mk1/3244.html]
[www.autel.com/u/cms/www/202004/23030429lcwm.pdf]
[www.autel.com/u/cms/www/202008/150644352hvv.zip]
[www.autel.com/u/cms/www/202008/15064453lklv.zip]
[www.autel.com/u/cms/www/202008/150645145oci.zip]
[www.autel.com/u/cms/www/202008/15064643721d.zip]
[www.autel.com/u/cms/www/202008/15064844m9aq.zip]
[www.autel.com/c/www/mk1/3245.html]
[www.autel.com/u/cms/www/202004/23030519prkn.pdf]
[www.autel.com/c/www/mk1/3246.html]
[www.autel.com/u/cms/www/202004/23030636h2f3.pdf]
[www.autel.com/c/www/mk1/3252.html]
[www.autel.com/u/cms/www/202004/230537299kb5.pdf]
[www.autel.com/c/www/mk1/3242.html]
[www.autel.com/u/cms/www/201911/090937413twe.pdf]
[www.autel.com/c/www/mk1/3251.html]
[www.autel.com/u/cms/www/201910/17231742d1yy.pdf]
[www.autel.com/c/www/mk1/3253.html]
[www.autel.com/u/cms/www/201910/30072115z81e.pdf]
[www.autel.com/u/cms/www/202004/23031758yal3.pdf]
[www.autel.com/c/www/mk1/3254.html]
[www.autel.com/u/cms/www/202001/02084139dnd7.pdf]
[www.autel.com/u/cms/www/202004/23031843295v.pdf]
[www.autel.com/c/www/mk1/3257.html]
[www.autel.com/u/cms/www/201910/30070851b3rv.pdf]
[www.autel.com/u/cms/www/202004/23031937lzmx.pdf]
[www.autel.com/c/www/mk1/3255.html]
[www.autel.com/u/cms/www/202001/02090555shf9.pdf]
[www.autel.com/u/cms/www/202004/230326202nsc.pdf]
[www.autel.com/c/www/mk1/3256.html]
[www.autel.com/u/cms/www/202004/230320346rly.pdf]
[www.autel.com/c/www/mk1/3259.html]
[www.autel.com/u/cms/www/201910/180010564fyl.pdf]
[www.autel.com/u/cms/www/202004/23032244i6gh.pdf]
[www.autel.com/c/www/mk1/3258.html]
[www.autel.com/u/cms/www/201910/300340273p9u.pdf]
[www.autel.com/u/cms/www/202004/23032448p0mx.pdf]
[www.autel.com/c/www/mk1/3260.html]
[www.autel.com/u/cms/www/202001/020908379s4j.pdf]
[www.autel.com/u/cms/www/202004/23032736b9e0.pdf]
[www.autel.com/c/www/mk1/3261.html]
[www.autel.com/u/cms/www/201910/30032935vzl0.pdf]
[www.autel.com/c/www/mk1/3262.html]
[www.autel.com/u/cms/www/201910/180158333f51.pdf]
[www.autel.com/c/www/mk1/3263.html]
[www.autel.com/u/cms/www/202007/15021811t2aw.pdf]
[www.autel.com/c/www/mk1/3264.html]
[www.autel.com/c/www/mk2/3223.html]
[www.autel.com/u/cms/www/201910/25100136vnlt.pdf]
[www.autel.com/c/www/mk2/3224.html]
[www.autel.com/u/cms/www/201910/250815239jha.pdf]
[www.autel.com/c/www/mk2/3227.html]
[www.autel.com/u/cms/www/201910/25080713qcu5.pdf]
[www.autel.com/c/www/mk2/3228.html]
[www.autel.com/c/www/mk2/3230.html]
[www.autel.com/u/cms/www/201910/25075829a2up.pdf]
[www.autel.com/u/cms/www/202012/112125194r3g.png]
[www.autel.com/u/cms/www/202004/230316445ajf.pdf]
[www.autel.com/c/www/mk2/3216.html]
[www.autel.com/u/cms/www/202012/0221294760ve.png]
[www.autel.com/u/cms/www/202012/02212956bbzq.png]
[www.autel.com/u/cms/www/202004/230315503pla.pdf]
[www.autel.com/c/www/mk2/3218.html]
[www.autel.com/u/cms/www/202004/23031403n3xi.pdf]
[www.autel.com/c/www/mk2/3193.html]
[www.autel.com/u/cms/www/202006/181305346pwb.pdf]
[www.autel.com/c/www/mk2/3214.html]
[www.autel.com/u/cms/www/202011/19084602yae6.pdf]
[www.autel.com/c/www/mk2/3231.html]
[www.autel.com/u/cms/www/202004/23030917yadt.pdf]
[www.autel.com/c/www/mk2/3225.html]
[www.autel.com/u/cms/www/202004/23032852tde6.pdf]
[www.autel.com/c/www/mk2/3226.html]
[www.autel.com/u/cms/www/202006/20115113h6m5.png]
[www.autel.com/u/cms/www/202006/20115126jx5z.png]
[www.autel.com/u/cms/www/202011/20162817vnm7.jpg]
[www.autel.com/u/cms/www/202007/07032754793u.jpg]
[www.autel.com/u/cms/www/202012/030909343191.pdf]
[www.autel.com/u/cms/www/202007/06034522c9jl.pdf]
[www.autel.com/u/cms/www/202011/18220603t0hk.pdf]
[www.autel.com/u/cms/www/202006/20115029l49g.jpg]
[www.autel.com/c/www/mk3/3523.html]
[www.autel.com/u/cms/www/201910/25014829r2bf.pdf]
[www.autel.com/u/cms/www/201912/25093142gpho.pdf]
[www.autel.com/c/www/mk3/3215.html]
[www.autel.com/c/www/mk3/3232.html]
[www.autel.com/u/cms/www/201910/18025044feds.png]
[www.autel.com/u/cms/www/202012/04165846j199.png]
[www.autel.com/u/cms/www/202012/04165850antu.png]
[www.autel.com/u/cms/www/202012/04165858j6jh.png]
[www.autel.com/u/cms/www/202012/041659022ofw.png]
[www.autel.com/u/cms/www/201910/25032147cpyb.pdf]
[www.autel.com/c/www/mk3/3229.html]
[www.autel.com/u/cms/www/202012/04165739wr19.png]
[www.autel.com/u/cms/www/202012/041657457ztr.png]
[www.autel.com/u/cms/www/202012/041657496epu.png]
[www.autel.com/u/cms/www/201910/25063449rfs7.pdf]
[www.autel.com/u/cms/www/201912/25093450j72k.pdf]
[www.autel.com/c/www/mk3/3221.html]
[www.autel.com/u/cms/www/201910/18030634tnbx.png]
[www.autel.com/u/cms/www/202012/04165641cuhf.png]
[www.autel.com/u/cms/www/202012/04165646cgts.png]
[www.autel.com/u/cms/www/202012/0416565100f3.png]
[www.autel.com/u/cms/www/201911/07025022inln.pdf]
[www.autel.com/c/www/mk3/3222.html]
[www.autel.com/u/cms/www/201910/25065227jlun.pdf]
[www.autel.com/u/cms/www/201912/25093252ay5j.pdf]
[www.autel.com/c/www/mk3/3219.html]
[www.autel.com/u/cms/www/201910/180319472mld.png]
[www.autel.com/u/cms/www/201910/25064339a4ef.pdf]
[www.autel.com/c/www/mk3/3220.html]
[www.autel.com/u/cms/www/201910/180312059lw3.png]
[www.autel.com/u/cms/www/201910/25070227jfq2.pdf]
[www.autel.com/c/www/mk3/3217.html]
[www.autel.com/u/cms/www/201910/18034114k8g9.png]
[www.autel.com/u/cms/www/201910/25061228l83q.pdf]
[www.autel.com/c/www/mk3/3233.html]
[www.autel.com/u/cms/www/201910/18024739qga5.png]
[www.autel.com/u/cms/www/201910/25024606r5nu.pdf]
[www.autel.com/c/www/mk3/3238.html]
[www.autel.com/u/cms/www/202003/201024155gjr.pdf]
[www.autel.com/c/www/mk3/3237.html]
[www.autel.com/u/cms/www/202003/20102251zm5z.png]
[www.autel.com/u/cms/www/201910/25054121eb7z.pdf]
[www.autel.com/c/www/mk3/3235.html]
[www.autel.com/u/cms/www/201910/250314554icy.pdf]
[www.autel.com/c/www/mk3/3236.html]
[www.autel.com/u/cms/www/201910/19002414pat7.pdf]
[www.autel.com/u/cms/www/202005/09065847ecvo.zip]
[www.autel.com/u/cms/www/202011/18220912kacu.pdf]
[www.autel.com/special/3282.html]
[www.autel.com/u/cms/www/202011/17142110sif2.jpg]
[www.autel.com/u/cms/www/202011/17142110xeeh.jpg]
[www.autel.com/u/cms/www/202011/17142110ac37.jpg]
[www.autel.com/u/cms/www/202011/171440120hj5.pdf]
[www.autel.com/u/cms/www/202011/18220030yba1.pdf]
[www.autel.com/c/www/special/3585.html]
[www.autel.com/u/cms/www/202009/23095119x96i.jpg]
[www.autel.com/u/cms/www/202009/230857443349.pdf]
[www.autel.com/u/cms/www/202011/18165329ec5t.pdf]
[www.autel.com/u/cms/www/202009/21135604sx0v.jpg]
[www.autel.com/c/www/special/3565.html]
[www.autel.com/u/cms/www/202009/23095234upkr.jpg]
[www.autel.com/u/cms/www/202009/230857161k74.pdf]
[www.autel.com/u/cms/www/202011/1816501738mt.pdf]
[www.autel.com/u/cms/www/202009/21135342ewys.jpg]
[www.autel.com/c/www/special/3564.html]
[www.autel.com/u/cms/www/202009/230952551h04.jpg]
[www.autel.com/u/cms/www/202011/18165206kus7.pdf]
[www.autel.com/c/www/special/3563.html]
[www.autel.com/u/cms/www/202009/230953200rh1.jpg]
[www.autel.com/u/cms/www/202011/181541368sf3.pdf]
[www.autel.com/c/www/special/3562.html]
[www.autel.com/c/www/special/3282.html]
[www.autel.com/u/cms/www/201910/190036358usc.pdf]
[www.autel.com/u/cms/www/202005/09070724odgy.zip]
[www.autel.com/u/cms/www/202011/1822082424mj.pdf]
[www.autel.com/c/www/special/3283.html]
[www.autel.com/u/cms/www/201910/19005137er4u.pdf]
[www.autel.com/c/www/special/3284.html]
[www.autel.com/c/www/special/3275.html]
[www.autel.com/u/cms/www/201910/18234133xfpr.pdf]
[www.autel.com/u/cms/www/201910/182317368jk7.zip]
[www.autel.com/u/cms/www/201910/18231738d724.pdf]
[www.autel.com/c/www/special/3273.html]
[www.autel.com/u/cms/www/201910/182241450kre.pdf]
[www.autel.com/c/www/special/3272.html]
[www.autel.com/c/www/special/3274.html]
[www.autel.com/u/cms/www/201910/182326131tw8.pdf]
[www.autel.com/u/cms/www/201910/19060328qjrn.pdf]
[www.autel.com/c/www/special/3285.html]
[www.autel.com/u/cms/www/201910/30081948cxnd.pdf]
[www.autel.com/c/www/special/3290.html]
[www.autel.com/u/cms/www/201910/30082134iuqn.pdf]
[www.autel.com/c/www/special/3289.html]
[www.autel.com/c/www/special/3288.html]
[www.autel.com/u/cms/www/201910/19020051qx2u.pdf]
[www.autel.com/c/www/special/3287.html]
[www.autel.com/u/cms/www/201910/30083109mr3t.pdf]
[www.autel.com/c/www/special/3286.html]
[www.autel.com/c/www/specialtoolbanner/3561.html]
[www.autel.com/c/www/specialtoolbanner/3327.html]
[www.autel.com/u/cms/www/202011/06221628kymk.gif]
[www.autel.com/u/cms/www/202011/17200349d4eg.pdf]
[www.autel.com/c/www/immotool1/3591.html]
[www.autel.com/c/www/immotool1/3590.html]
[www.autel.com/u/cms/www/202011/1820030371gk.pdf]
[www.autel.com/c/www/immotool1/3589.html]
[www.autel.com/u/cms/www/202011/17201018b4gn.pdf]
[www.autel.com/u/cms/www/202011/18200442lhj8.pdf]
[www.autel.com/c/www/immotool1/3588.html]
[www.autel.com/u/cms/www/202011/04161248gaca.png]
[www.autel.com/u/cms/www/202011/18174255yasd.pdf]
[www.autel.com/c/www/immotool1/3575.html]
[www.autel.com/c/www/immotool1/3250.html]
[www.autel.com/u/cms/www/201910/30081036nwjm.pdf]
[www.autel.com/c/www/immotool1/3202.html]
[www.autel.com/c/www/banner1/3325.html]
[www.autel.com/r/cms/www/default/images/info/success.png]
[www.autel.com/r/cms/www/default/images/info/tips.png]
[www.autel.com/r/cms/www/default/images/info/error.png]
[www.autel.com/r/cms/www/default/css/jquery.my-message.1.1.css]
[www.autel.com/r/cms/www/default/images/info/warning.png]
[www.autel.com/vehicle-coverage/coverage1.html]
[www.autel.com/u/cms/www/202011/13223834yz7u.jpg]
[www.autel.com/c/www/news/3583.html]
[www.autel.com/c/www/news/3512.html]
[www.autel.com/c/www/news/3455.html]
[www.autel.com/u/cms/www/201910/290948289q9d.jpg]
[www.autel.com/u/cms/www/201910/29094837ligs.jpg]
[www.autel.com/c/www/news/3162.html]
[www.autel.com/u/cms/www/201910/290945193817.jpg]
[www.autel.com/c/www/news/3456.html]
[www.autel.com/u/cms/www/201910/18200835mfuo.html]
[www.autel.com/r/cms/www/default/autel/css/at_product.css]
[www.autel.com/about/3102.html]
[www.autel.com/news/3162.html]
[www.autel.com/news/3456.html]
[www.autel.com/r/cms/www/default/css/search.css]
[www.autel.com/r/cms/www/default/css/jquery.treemenu.css]
[www.autel.com/r/cms/www/default/css/daterangepicker.css]
[www.autel.com/r/cms/www/default/css/reset.css]
[www.autel.com/jp/r/cms/wwwjp/default/autel/css/at_products.css]
[www.autel.com/jp/c/wwwjp/Advanced/3663.html]
[www.autel.com/jp/c/wwwjp/Advanced/3662.html]
[www.autel.com/jp/u/cms/wwwjp/202004/02113316w308.pdf]
[www.autel.com/jp/u/cms/wwwjp/202006/020257553r60.pdf]
[www.autel.com/jp/u/cms/wwwjp/202009/14082442t2l4.pdf]
[www.autel.com/jp/c/wwwjp/Advanced/3664.html]
[www.autel.com/jp/u/cms/wwwjp/202008/14100239ztl7.jpg]
[www.autel.com/jp/u/cms/wwwjp/202004/020337312vue.pdf]
[www.autel.com/jp/u/cms/wwwjp/202004/021134334594.pdf]
[www.autel.com/jp/u/cms/wwwjp/202006/02025833oppc.pdf]
[www.autel.com/jp/u/cms/wwwjp/202010/10100513wycc.pdf]
[www.autel.com/jp/u/cms/wwwjp/202008/05100104gcll.jpg]
[www.autel.com/jp/c/wwwjp/Advanced/3712.html]
[www.autel.com/jp/c/wwwjp/adas/3665.html]
[www.autel.com/jp/u/cms/wwwjp/201912/27110932e642.jpg]
[www.autel.com/jp/u/cms/wwwjp/201912/271110051hh1.jpg]
[www.autel.com/jp/u/cms/wwwjp/201912/27111055juo0.jpg]
[www.autel.com/jp/u/cms/wwwjp/201912/27111100qowi.jpg]
[www.autel.com/jp/u/cms/wwwjp/201912/27111107jqrp.jpg]
[www.autel.com/jp/u/cms/wwwjp/202004/011344040aa7.pdf]
[www.autel.com/jp/u/cms/wwwjp/202004/27120331mkzk.pdf]
[www.autel.com/jp/u/cms/wwwjp/202004/27120347ms9s.pdf]
[www.autel.com/jp/u/cms/wwwjp/202004/271204134xlh.pdf]
[www.autel.com/jp/u/cms/wwwjp/202004/2712042180gk.pdf]
[www.autel.com/jp/u/cms/wwwjp/202004/27120438gijl.pdf]
[www.autel.com/jp/u/cms/wwwjp/202009/24060524bye1.pdf]
[www.autel.com/jp/u/cms/wwwjp/202008/050643390s10.png]
[www.autel.com/jp/u/cms/wwwjp/202008/05065743f5f9.jpg]
[www.autel.com/jp/c/wwwjp/adas/3652.html]
[www.autel.com/jp/c/wwwjp/specialtool/3666.html]
[www.autel.com/jp/c/wwwjp/specialtool/3713.html]
[www.autel.com/jp/c/wwwjp/specialtool/3714.html]
[www.autel.com/jp/r/cms/wwwjp/default/autel/css/page.css]
[www.autel.com/jp/r/cms/wwwjp/default/css/jquery.my-message.1.1.css]
[www.autel.com/jp/vehicle-coverage/coverage1.html]
[www.autel.com/jp/c/wwwjp/news/3767.html]
[www.autel.com/jp/c/wwwjp/news/3764.html]
[www.autel.com/jp/c/wwwjp/news/3752.html]
[www.autel.com/jp/c/wwwjp/news/3745.html]
[www.autel.com/jp/c/wwwjp/news/3744.html]
[www.autel.com/jp/c/wwwjp/news/3716.html]
[www.autel.com/jp/u/cms/wwwjp/202002/18184835kncz.jpg]
[www.autel.com/jp/c/wwwjp/news/3722.html]
[www.autel.com/jp/r/cms/wwwjp/default/autel/css/at_product.css]
[www.autel.com/jp/r/cms/wwwjp/default/css/search.css]
[www.autel.com/jp/r/cms/wwwjp/default/css/jquery.treemenu.css]
[www.autel.com/jp/r/cms/wwwjp/default/css/daterangepicker.css]
[www.autel.com/jp/r/cms/wwwjp/default/css/reset.css]
[www.autel.com/es/r/cms/wwwes/default/autel/font/Helvetica.svg]
[www.autel.com/es/r/cms/wwwes/default/autel/font/HelveticaBold.svg]
[www.autel.com/es/r/cms/wwwes/default/autel/css/page.css]
[www.autel.com/es/partner.html]
[www.autel.com/es/r/cms/wwwes/default/autel/css/at_products.css]
[www.autel.com/es/u/cms/wwwes/202007/17153546kfn0.pdf]
[www.autel.com/es/u/cms/wwwes/202008/030929251pdh.pdf]
[www.autel.com/es/mk2/3216.html]
[www.autel.com/es/u/cms/wwwes/202007/17153403c3c9.pdf]
[www.autel.com/es/u/cms/wwwes/202008/030939267ci8.pdf]
[www.autel.com/es/mk3/3764.html]
[www.autel.com/es/u/cms/wwwes/202008/03095036ntqb.pdf]
[www.autel.com/es/u/cms/wwwes/202007/07140355j134.png]
[www.autel.com/es/u/cms/wwwes/202008/13105604s5cb.pdf]
[www.autel.com/es/u/cms/wwwes/202008/13105654pnlx.pdf]
[www.autel.com/es/u/cms/wwwes/202008/13110935xdff.pdf]
[www.autel.com/es/mk2/3223.html]
[www.autel.com/es/u/cms/wwwes/202007/17153942lej6.pdf]
[www.autel.com/es/u/cms/wwwes/202008/03080417whcq.pdf]
[www.autel.com/es/mk1/3247.html]
[www.autel.com/es/u/cms/wwwes/202007/17153917885v.pdf]
[www.autel.com/es/u/cms/wwwes/202008/03075751mjcw.pdf]
[www.autel.com/es/mk1/3239.html]
[www.autel.com/es/u/cms/wwwes/202007/17154604ii0a.pdf]
[www.autel.com/es/mk1/3240.html]
[www.autel.com/es/u/cms/wwwes/202007/17154633ofq5.pdf]
[www.autel.com/es/mk1/3243.html]
[www.autel.com/es/u/cms/wwwes/202007/17154718wmhc.pdf]
[www.autel.com/es/u/cms/wwwes/202008/03080714803f.pdf]
[www.autel.com/es/mk1/3241.html]
[www.autel.com/es/u/cms/wwwes/202007/17155107gvib.pdf]
[www.autel.com/es/u/cms/wwwes/202008/03080828cvgb.pdf]
[www.autel.com/es/mk1/3248.html]
[www.autel.com/es/u/cms/wwwes/202007/17155142no3e.pdf]
[www.autel.com/es/u/cms/wwwes/202008/03081224f8uk.pdf]
[www.autel.com/es/mk1/3249.html]
[www.autel.com/es/u/cms/wwwes/202007/17155209cq3h.pdf]
[www.autel.com/es/u/cms/wwwes/202008/03081339bkvl.pdf]
[www.autel.com/es/mk1/3244.html]
[www.autel.com/es/u/cms/wwwes/202007/17155234zyi0.pdf]
[www.autel.com/es/mk1/3245.html]
[www.autel.com/es/u/cms/wwwes/202007/17155300nq25.pdf]
[www.autel.com/es/u/cms/wwwes/202008/03090533ffmt.pdf]
[www.autel.com/es/mk1/3246.html]
[www.autel.com/es/mk1/3252.html]
[www.autel.com/es/u/cms/wwwes/202007/17155412nod3.pdf]
[www.autel.com/es/u/cms/wwwes/202007/17155435lyir.pdf]
[www.autel.com/es/u/cms/wwwes/202008/030908174p3v.pdf]
[www.autel.com/es/mk1/3242.html]
[www.autel.com/es/u/cms/wwwes/202007/171555027x7z.pdf]
[www.autel.com/es/mk1/3251.html]
[www.autel.com/es/u/cms/wwwes/202007/17155528olts.pdf]
[www.autel.com/es/mk1/3262.html]
[www.autel.com/es/u/cms/wwwes/202008/13085929yp2d.pdf]
[www.autel.com/es/u/cms/wwwes/202008/13091622k9h0.pdf]
[www.autel.com/es/u/cms/wwwes/202008/130918171jzx.pdf]
[www.autel.com/es/mk2/3224.html]
[www.autel.com/es/u/cms/wwwes/202007/17153629bdwp.pdf]
[www.autel.com/es/mk2/3218.html]
[www.autel.com/es/u/cms/wwwes/202007/17153652g971.pdf]
[www.autel.com/es/u/cms/wwwes/202008/03092542wt5r.pdf]
[www.autel.com/es/mk2/3225.html]
[www.autel.com/es/u/cms/wwwes/202008/03095453zrg1.pdf]
[www.autel.com/es/mk2/3226.html]
[www.autel.com/es/u/cms/wwwes/202007/11144217oeya.png]
[www.autel.com/es/u/cms/wwwes/202007/22113531foc4.jpg]
[www.autel.com/es/u/cms/wwwes/202007/11144626eu36.pdf]
[www.autel.com/es/u/cms/wwwes/202007/111446374al1.pdf]
[www.autel.com/es/mk3/3769.html]
[www.autel.com/es/u/cms/wwwes/202007/11144141594h.png]
[www.autel.com/es/u/cms/wwwes/202007/17142855cfix.pdf]
[www.autel.com/es/mk3/3215.html]
[www.autel.com/es/u/cms/wwwes/202005/27094107pxmk.png]
[www.autel.com/es/u/cms/wwwes/202007/07135246mj8u.png]
[www.autel.com/es/u/cms/wwwes/202007/07135246styc.png]
[www.autel.com/es/u/cms/wwwes/202008/0309382455ki.pdf]
[www.autel.com/es/u/cms/wwwes/202008/03095311fd3s.pdf]
[www.autel.com/es/mk3/3229.html]
[www.autel.com/es/u/cms/wwwes/202007/11154239ga3x.png]
[www.autel.com/es/u/cms/wwwes/202007/07135318kagi.png]
[www.autel.com/es/u/cms/wwwes/202008/03094818d5us.pdf]
[www.autel.com/es/mk3/3221.html]
[www.autel.com/es/u/cms/wwwes/202007/11154306hzcp.png]
[www.autel.com/es/u/cms/wwwes/202007/07135707oj8r.png]
[www.autel.com/es/u/cms/wwwes/202007/17143223tj8c.pdf]
[www.autel.com/es/mk3/3220.html]
[www.autel.com/es/u/cms/wwwes/202007/11154334n275.png]
[www.autel.com/es/u/cms/wwwes/202007/17142952u6ij.pdf]
[www.autel.com/es/u/cms/wwwes/202008/03092755pcb1.pdf]
[www.autel.com/es/mk3/3217.html]
[www.autel.com/es/u/cms/wwwes/202007/11153922ovuf.png]
[www.autel.com/es/u/cms/wwwes/202008/03094459v73j.pdf]
[www.autel.com/es/u/cms/wwwes/202008/0309460185cn.pdf]
[www.autel.com/es/mk3/3233.html]
[www.autel.com/es/u/cms/wwwes/202007/11154400v47j.png]
[www.autel.com/es/u/cms/wwwes/202007/071457297vme.png]
[www.autel.com/es/u/cms/wwwes/202007/17155623r7ns.pdf]
[www.autel.com/es/special/3282.html]
[www.autel.com/es/u/cms/wwwes/202007/0714575313b4.png]
[www.autel.com/es/u/cms/wwwes/202007/17160037fseo.pdf]
[www.autel.com/es/special/3283.html]
[www.autel.com/es/u/cms/wwwes/202007/1716072082il.pdf]
[www.autel.com/es/special/3284.html]
[www.autel.com/es/u/cms/wwwes/202007/17160745bgfa.pdf]
[www.autel.com/es/special/3275.html]
[www.autel.com/es/u/cms/wwwes/202007/07145914rup2.png]
[www.autel.com/es/u/cms/wwwes/202007/07145914ykwz.png]
[www.autel.com/es/u/cms/wwwes/202007/17160817h5vm.pdf]
[www.autel.com/es/u/cms/wwwes/202008/03093056z8u5.pdf]
[www.autel.com/es/special/3273.html]
[www.autel.com/es/u/cms/wwwes/202007/17165503myxx.pdf]
[www.autel.com/es/special/3272.html]
[www.autel.com/es/u/cms/wwwes/202007/07150056uetp.png]
[www.autel.com/es/u/cms/wwwes/202007/17165438srmx.pdf]
[www.autel.com/es/special/3274.html]
[www.autel.com/es/u/cms/wwwes/202007/17161044wcpx.pdf]
[www.autel.com/es/special/3285.html]
[www.autel.com/es/u/cms/wwwes/202007/07150303sdos.png]
[www.autel.com/es/u/cms/wwwes/202007/17161013ufhj.pdf]
[www.autel.com/es/special/3288.html]
[www.autel.com/es/u/cms/wwwes/202007/22115016dgc0.png]
[www.autel.com/es/u/cms/wwwes/202007/17160944cuf0.pdf]
[www.autel.com/es/special/3287.html]
[www.autel.com/es/specialtoolbanner/3327.html]
[www.autel.com/es/u/cms/wwwes/202007/07145159ad01.pdf]
[www.autel.com/es/immotool1/3763.html]
[www.autel.com/es/banner1/3768.html]
[www.autel.com/es/banner1/3325.html]
[www.autel.com/es/u/cms/wwwes/202007/11154634tdbi.png]
[www.autel.com/es/r/cms/wwwes/default/images/info/success.png]
[www.autel.com/es/r/cms/wwwes/default/images/info/tips.png]
[www.autel.com/es/r/cms/wwwes/default/images/info/error.png]
[www.autel.com/es/r/cms/wwwes/default/css/jquery.my-message.1.1.css]
[www.autel.com/es/vehicle-coverage/coverage1.html]
[www.autel.com/es/r/cms/wwwes/default/images/info/warning.png]
[www.autel.com/es/u/cms/wwwes/202007/111707015ssm.jpg]
[www.autel.com/es/u/cms/wwwes/202007/111707222mqr.jpg]
[www.autel.com/es/news/3456.html]
[www.autel.com/es/r/cms/wwwes/default/autel/css/at_product.css]
[www.autel.com/es_span style='color_red'_[freemarker标签异常，请联系网站管理员]_/span_.html]
[www.autel.com/es/r/cms/wwwes/default/css/search.css]
[www.autel.com/es/r/cms/wwwes/default/css/jquery.treemenu.css]
[www.autel.com/es/r/cms/wwwes/default/css/daterangepicker.css]
[www.autel.com/es/r/cms/wwwes/default/css/reset.css]
[www.autel.com/r/cms/www/default/src/pie/PIE.html]
[www.autel.com/jp/r/cms/wwwjp/default/images/info/success.html]
[www.autel.com/jp/r/cms/wwwjp/default/images/info/tips.html]
[www.autel.com/jp/r/cms/wwwjp/default/images/info/error.html]
[www.autel.com/jp/r/cms/wwwjp/default/images/info/warning.html]
[www.autel.com/jp/c/wwwjp/news/3715.html]
[www.autel.com/jp/u/cms/wwwjp/202002/18184359bjyu.jpg]
[www.autel.com/jp/c/wwwjp/news/3716.html]
[www.autel.com/jp/r/cms/wwwjp/default/src/pie/PIE.html]
[www.autel.com/es/r/cms/wwwes/default/src/pie/PIE.html]
[www.autel.com/jp/c/wwwjp/news/3698.html]
[www.autel.com/jp/u/cms/wwwjp/202003/11202228rzcn.jpg]
[www.autel.com/jp/c/wwwjp/news/3715.html]
[www.autel.com/jp/c/wwwjp/news/3698.html]
